Archive member included to satisfy reference by file (symbol)

app/libapp.a(main.c.obj)      (--whole-archive)
zephyr/libzephyr.a(cbprintf.c.obj)
                              (--whole-archive)
zephyr/libzephyr.a(cbprintf_packaged.c.obj)
                              (--whole-archive)
zephyr/libzephyr.a(crc32c_sw.c.obj)
                              (--whole-archive)
zephyr/libzephyr.a(crc32_sw.c.obj)
                              (--whole-archive)
zephyr/libzephyr.a(crc16_sw.c.obj)
                              (--whole-archive)
zephyr/libzephyr.a(crc8_sw.c.obj)
                              (--whole-archive)
zephyr/libzephyr.a(crc7_sw.c.obj)
                              (--whole-archive)
zephyr/libzephyr.a(dec.c.obj)
                              (--whole-archive)
zephyr/libzephyr.a(fdtable.c.obj)
                              (--whole-archive)
zephyr/libzephyr.a(hex.c.obj)
                              (--whole-archive)
zephyr/libzephyr.a(notify.c.obj)
                              (--whole-archive)
zephyr/libzephyr.a(printk.c.obj)
                              (--whole-archive)
zephyr/libzephyr.a(onoff.c.obj)
                              (--whole-archive)
zephyr/libzephyr.a(rb.c.obj)  (--whole-archive)
zephyr/libzephyr.a(sem.c.obj)
                              (--whole-archive)
zephyr/libzephyr.a(thread_entry.c.obj)
                              (--whole-archive)
zephyr/libzephyr.a(timeutil.c.obj)
                              (--whole-archive)
zephyr/libzephyr.a(heap.c.obj)
                              (--whole-archive)
zephyr/libzephyr.a(heap-validate.c.obj)
                              (--whole-archive)
zephyr/libzephyr.a(bitarray.c.obj)
                              (--whole-archive)
zephyr/libzephyr.a(multi_heap.c.obj)
                              (--whole-archive)
zephyr/libzephyr.a(cbprintf_complete.c.obj)
                              (--whole-archive)
zephyr/libzephyr.a(assert.c.obj)
                              (--whole-archive)
zephyr/libzephyr.a(configs.c.obj)
                              (--whole-archive)
zephyr/libzephyr.a(soc_nrf_common.S.obj)
                              (--whole-archive)
zephyr/libzephyr.a(validate_base_addresses.c.obj)
                              (--whole-archive)
zephyr/libzephyr.a(validate_enabled_instances.c.obj)
                              (--whole-archive)
zephyr/libzephyr.a(thread_info.c.obj)
                              (--whole-archive)
zephyr/libzephyr.a(pm.c.obj)  (--whole-archive)
zephyr/libzephyr.a(policy.c.obj)
                              (--whole-archive)
zephyr/libzephyr.a(state.c.obj)
                              (--whole-archive)
zephyr/libzephyr.a(tracing_none.c.obj)
                              (--whole-archive)
zephyr/arch/common/libarch__common.a(sw_isr_common.c.obj)
                              (--whole-archive)
zephyr/arch/arch/arm/core/aarch32/libarch__arm__core__aarch32.a(cpu_idle.S.obj)
                              (--whole-archive)
zephyr/arch/arch/arm/core/aarch32/libarch__arm__core__aarch32.a(fatal.c.obj)
                              (--whole-archive)
zephyr/arch/arch/arm/core/aarch32/libarch__arm__core__aarch32.a(irq_manage.c.obj)
                              (--whole-archive)
zephyr/arch/arch/arm/core/aarch32/libarch__arm__core__aarch32.a(nmi.c.obj)
                              (--whole-archive)
zephyr/arch/arch/arm/core/aarch32/libarch__arm__core__aarch32.a(nmi_on_reset.S.obj)
                              (--whole-archive)
zephyr/arch/arch/arm/core/aarch32/libarch__arm__core__aarch32.a(prep_c.c.obj)
                              (--whole-archive)
zephyr/arch/arch/arm/core/aarch32/libarch__arm__core__aarch32.a(swap.c.obj)
                              (--whole-archive)
zephyr/arch/arch/arm/core/aarch32/libarch__arm__core__aarch32.a(swap_helper.S.obj)
                              (--whole-archive)
zephyr/arch/arch/arm/core/aarch32/libarch__arm__core__aarch32.a(thread.c.obj)
                              (--whole-archive)
zephyr/arch/arch/arm/core/aarch32/libarch__arm__core__aarch32.a(isr_wrapper.S.obj)
                              (--whole-archive)
zephyr/arch/arch/arm/core/aarch32/cortex_m/libarch__arm__core__aarch32__cortex_m.a(exc_exit.S.obj)
                              (--whole-archive)
zephyr/arch/arch/arm/core/aarch32/cortex_m/libarch__arm__core__aarch32__cortex_m.a(fault.c.obj)
                              (--whole-archive)
zephyr/arch/arch/arm/core/aarch32/cortex_m/libarch__arm__core__aarch32__cortex_m.a(fault_s.S.obj)
                              (--whole-archive)
zephyr/arch/arch/arm/core/aarch32/cortex_m/libarch__arm__core__aarch32__cortex_m.a(fpu.c.obj)
                              (--whole-archive)
zephyr/arch/arch/arm/core/aarch32/cortex_m/libarch__arm__core__aarch32__cortex_m.a(irq_init.c.obj)
                              (--whole-archive)
zephyr/arch/arch/arm/core/aarch32/cortex_m/libarch__arm__core__aarch32__cortex_m.a(reset.S.obj)
                              (--whole-archive)
[...]
Memory Configuration

Name             Origin             Length             Attributes
FLASH            0x0000000000000000 0x0000000000100000 xr
SRAM             0x0000000020000000 0x0000000000040000 xw
IDT_LIST         0x00000000fffff7ff 0x0000000000000800 xw
*default*        0x0000000000000000 0xffffffffffffffff

Linker script and memory map

LOAD zephyr/CMakeFiles/zephyr_pre0.dir/misc/empty_file.c.obj
LOAD zephyr/CMakeFiles/offsets.dir/./arch/arm/core/offsets/offsets.c.obj
                0x0000000000000020                _region_min_align = 0x20

.rel.plt        0x0000000000000000        0x0
 *(SORT_BY_ALIGNMENT(.rel.plt))
                [!provide]                        PROVIDE (__rel_iplt_start = .)
 *(SORT_BY_ALIGNMENT(.rel.iplt))
 .rel.iplt      0x0000000000000000        0x0 app/libapp.a(main.c.obj)
                [!provide]                        PROVIDE (__rel_iplt_end = .)

.rela.plt       0x0000000000000000        0x0
 *(SORT_BY_ALIGNMENT(.rela.plt))
                [!provide]                        PROVIDE (__rela_iplt_start = .)
 *(SORT_BY_ALIGNMENT(.rela.iplt))
                [!provide]                        PROVIDE (__rela_iplt_end = .)

.rel.dyn
 *(SORT_BY_ALIGNMENT(.rel.*))

.rela.dyn
 *(SORT_BY_ALIGNMENT(.rela.*))

/DISCARD/
 *(SORT_BY_ALIGNMENT(.plt))
 *(SORT_BY_ALIGNMENT(.iplt))
 *(SORT_BY_ALIGNMENT(.got.plt))
 *(SORT_BY_ALIGNMENT(.igot.plt))
 *(SORT_BY_ALIGNMENT(.got))
 *(SORT_BY_ALIGNMENT(.igot))
 *(SORT_BY_ALIGNMENT(.note.GNU-stack))
                0x0000000000000000                __rom_region_start = 0x0

rom_start       0x0000000000000000      0x100
                0x0000000000000000                . = 0x0
                0x0000000000000000                . = ALIGN (0x4)
                0x0000000000000000                . = ALIGN (0x80)
                0x0000000000000000                . = ALIGN (0x100)
                0x0000000000000000                _vector_start = .
 *(SORT_BY_ALIGNMENT(.exc_vector_table))
 *(SORT_BY_ALIGNMENT(.exc_vector_table.*))
 .exc_vector_table._vector_table_section
                0x0000000000000000       0x40 zephyr/arch/arch/arm/core/aarch32/cortex_m/libarch__arm__core__aarch32__cortex_m.a(vector_table.S.obj)
                0x0000000000000000                _vector_table
 *(SORT_BY_ALIGNMENT(.gnu.linkonce.irq_vector_table*))
 .gnu.linkonce.irq_vector_table
                0x0000000000000040       0xc0 zephyr/arch/common/libisr_tables.a(isr_tables.c.obj)
                0x0000000000000040                _irq_vector_table
 *(SORT_BY_ALIGNMENT(.vectors))
                0x0000000000000100                _vector_end = .

text            0x0000000000000100     0x64cc
                0x0000000000000100                __text_region_start = .
 *(SORT_BY_ALIGNMENT(.text))
 .text          0x0000000000000100       0x30 /home/anky/zephyr-sdk-0.14.1/arm-zephyr-eabi/bin/../lib/gcc/arm-zephyr-eabi/10.3.0/thumb/v7e-m/nofp/libgcc.a(_aeabi_uldivmod.o)
                0x0000000000000100                __aeabi_uldivmod
 .text          0x0000000000000130        0x4 /home/anky/zephyr-sdk-0.14.1/arm-zephyr-eabi/bin/../lib/gcc/arm-zephyr-eabi/10.3.0/thumb/v7e-m/nofp/libgcc.a(_dvmd_tls.o)
                0x0000000000000130                __aeabi_ldiv0
                0x0000000000000130                __aeabi_idiv0
 .text          0x0000000000000134      0x2a6 /home/anky/zephyr-sdk-0.14.1/arm-zephyr-eabi/bin/../lib/gcc/arm-zephyr-eabi/10.3.0/thumb/v7e-m/nofp/libgcc.a(_udivmoddi4.o)
                0x0000000000000134                __udivmoddi4
 *(SORT_BY_ALIGNMENT(.text.*))
 *fill*         0x00000000000003da        0x6 
 .text.Motor_Task
                0x00000000000003e0      0x61c app/libapp.a(main.c.obj)
                0x00000000000003e0                Motor_Task
 .text.IR_Right
                0x00000000000009fc       0x54 app/libapp.a(main.c.obj)
                0x00000000000009fc                IR_Right
 .text.IR_Left  0x0000000000000a50       0x54 app/libapp.a(main.c.obj)
                0x0000000000000a50                IR_Left
 .text.Distance_Task
                0x0000000000000aa4      0x138 app/libapp.a(main.c.obj)
                0x0000000000000aa4                Distance_Task
 .text.char_out
                0x0000000000000bdc       0x14 zephyr/libzephyr.a(printk.c.obj)
 .text.__printk_hook_install
                0x0000000000000bf0        0xc zephyr/libzephyr.a(printk.c.obj)
                0x0000000000000bf0                __printk_hook_install
 .text.vprintk  0x0000000000000bfc       0x20 zephyr/libzephyr.a(printk.c.obj)
                0x0000000000000bfc                vprintk
 .text.process_event
                0x0000000000000c1c      0x158 zephyr/libzephyr.a(onoff.c.obj)
 .text.extract_conversion
                0x0000000000000d74      0x314 zephyr/libzephyr.a(cbprintf_complete.c.obj)
 .text.cbvprintf
                0x0000000000001088      0x5d0 zephyr/libzephyr.a(cbprintf_complete.c.obj)
                0x0000000000001088                cbvprintf
 .text.pm_system_resume
                0x0000000000001658       0xc0 zephyr/libzephyr.a(pm.c.obj)
                0x0000000000001658                pm_system_resume
 .text.pm_system_suspend
                0x0000000000001718      0x184 zephyr/libzephyr.a(pm.c.obj)
                0x0000000000001718                pm_system_suspend
 .text.pm_policy_next_state
                0x000000000000189c       0x98 zephyr/libzephyr.a(policy.c.obj)
                0x000000000000189c                pm_policy_next_state
 .text.pm_state_cpu_get_all
                0x0000000000001934       0x10 zephyr/libzephyr.a(state.c.obj)
                0x0000000000001934                pm_state_cpu_get_all
 .text.z_arm_cpu_idle_init
                0x0000000000001944        0xc zephyr/arch/arch/arm/core/aarch32/libarch__arm__core__aarch32.a(cpu_idle.S.obj)
                0x0000000000001944                z_arm_cpu_idle_init
 .text.arch_cpu_idle
                0x0000000000001950       0x1c zephyr/arch/arch/arm/core/aarch32/libarch__arm__core__aarch32.a(cpu_idle.S.obj)
                0x0000000000001950                arch_cpu_idle
 .text.arch_cpu_atomic_idle
                0x000000000000196c       0x14 zephyr/arch/arch/arm/core/aarch32/libarch__arm__core__aarch32.a(cpu_idle.S.obj)
                0x000000000000196c                arch_cpu_atomic_idle
 .text.arch_irq_enable
                0x0000000000001980       0x1c zephyr/arch/arch/arm/core/aarch32/libarch__arm__core__aarch32.a(irq_manage.c.obj)
                0x0000000000001980                arch_irq_enable
 .text.arch_irq_is_enabled
                0x000000000000199c       0x1c zephyr/arch/arch/arm/core/aarch32/libarch__arm__core__aarch32.a(irq_manage.c.obj)
                0x000000000000199c                arch_irq_is_enabled
 .text.z_arm_irq_priority_set
                0x00000000000019b8       0x2c zephyr/arch/arch/arm/core/aarch32/libarch__arm__core__aarch32.a(irq_manage.c.obj)
                0x00000000000019b8                z_arm_irq_priority_set
 .text.z_SysNmiOnReset
                0x00000000000019e4        0x8 zephyr/arch/arch/arm/core/aarch32/libarch__arm__core__aarch32.a(nmi_on_reset.S.obj)
                0x00000000000019e4                z_SysNmiOnReset
 .text.z_arm_prep_c
                0x00000000000019ec       0x48 zephyr/arch/arch/arm/core/aarch32/libarch__arm__core__aarch32.a(prep_c.c.obj)
                0x00000000000019ec                z_arm_prep_c
 .text.arch_swap
                0x0000000000001a34       0x38 zephyr/arch/arch/arm/core/aarch32/libarch__arm__core__aarch32.a(swap.c.obj)
                0x0000000000001a34                arch_swap
 .text.z_arm_pendsv
                0x0000000000001a6c       0x58 zephyr/arch/arch/arm/core/aarch32/libarch__arm__core__aarch32.a(swap_helper.S.obj)
                0x0000000000001a6c                z_arm_pendsv
 .text.z_arm_svc
                0x0000000000001ac4       0x20 zephyr/arch/arch/arm/core/aarch32/libarch__arm__core__aarch32.a(swap_helper.S.obj)
                0x0000000000001ac4                z_arm_svc
 .text.arch_new_thread
                0x0000000000001ae4       0x44 zephyr/arch/arch/arm/core/aarch32/libarch__arm__core__aarch32.a(thread.c.obj)
                0x0000000000001ae4                arch_new_thread
 .text.z_check_thread_stack_fail
                0x0000000000001b28       0x50 zephyr/arch/arch/arm/core/aarch32/libarch__arm__core__aarch32.a(thread.c.obj)
                0x0000000000001b28                z_check_thread_stack_fail
 .text.arch_switch_to_main_thread
                0x0000000000001b78       0x2c zephyr/arch/arch/arm/core/aarch32/libarch__arm__core__aarch32.a(thread.c.obj)
                0x0000000000001b78                arch_switch_to_main_thread
 .text._isr_wrapper
                0x0000000000001ba4       0x40 zephyr/arch/arch/arm/core/aarch32/libarch__arm__core__aarch32.a(isr_wrapper.S.obj)
                0x0000000000001ba4                _isr_wrapper
 .text._HandlerModeExit
                0x0000000000001be4       0x1c zephyr/arch/arch/arm/core/aarch32/cortex_m/libarch__arm__core__aarch32__cortex_m.a(exc_exit.S.obj)
                0x0000000000001be4                z_arm_exc_exit
                0x0000000000001be4                z_arm_int_exit
 .text.bus_fault
                0x0000000000001c00       0x54 zephyr/arch/arch/arm/core/aarch32/cortex_m/libarch__arm__core__aarch32__cortex_m.a(fault.c.obj)
 .text.usage_fault
                0x0000000000001c54       0x24 zephyr/arch/arch/arm/core/aarch32/cortex_m/libarch__arm__core__aarch32__cortex_m.a(fault.c.obj)
 .text.mem_manage_fault
                0x0000000000001c78       0xa0 zephyr/arch/arch/arm/core/aarch32/cortex_m/libarch__arm__core__aarch32__cortex_m.a(fault.c.obj)
 .text.hard_fault
                0x0000000000001d18       0x7c zephyr/arch/arch/arm/core/aarch32/cortex_m/libarch__arm__core__aarch32__cortex_m.a(fault.c.obj)
 .text.z_arm_fault
                0x0000000000001d94       0x94 zephyr/arch/arch/arm/core/aarch32/cortex_m/libarch__arm__core__aarch32__cortex_m.a(fault.c.obj)
                0x0000000000001d94                z_arm_fault
 .text.z_arm_fault_init
                0x0000000000001e28       0x10 zephyr/arch/arch/arm/core/aarch32/cortex_m/libarch__arm__core__aarch32__cortex_m.a(fault.c.obj)
                0x0000000000001e28                z_arm_fault_init
 .text.__fault  0x0000000000001e38       0x14 zephyr/arch/arch/arm/core/aarch32/cortex_m/libarch__arm__core__aarch32__cortex_m.a(fault_s.S.obj)
                0x0000000000001e38                z_arm_bus_fault
                0x0000000000001e38                z_arm_usage_fault
                0x0000000000001e38                z_arm_mpu_fault
                0x0000000000001e38                z_arm_exc_spurious
                0x0000000000001e38                z_arm_debug_monitor
                0x0000000000001e38                z_arm_hard_fault
 .text.z_arm_interrupt_init
                0x0000000000001e4c       0x34 zephyr/arch/arch/arm/core/aarch32/cortex_m/libarch__arm__core__aarch32__cortex_m.a(irq_init.c.obj)
                0x0000000000001e4c                z_arm_interrupt_init
 .text._reset_section
                0x0000000000001e80       0x30 zephyr/arch/arch/arm/core/aarch32/cortex_m/libarch__arm__core__aarch32__cortex_m.a(reset.S.obj)
                0x0000000000001e80                z_arm_reset
                0x0000000000001e80                __start
 .text.z_impl_k_thread_abort
                0x0000000000001eb0       0x34 zephyr/arch/arch/arm/core/aarch32/cortex_m/libarch__arm__core__aarch32__cortex_m.a(thread_abort.c.obj)
                0x0000000000001eb0                z_impl_k_thread_abort
 .text.z_arm_configure_static_mpu_regions
                0x0000000000001ee4       0x1c zephyr/arch/arch/arm/core/aarch32/mpu/libarch__arm__core__aarch32__mpu.a(arm_core_mpu.c.obj)
                0x0000000000001ee4                z_arm_configure_static_mpu_regions
 .text.z_arm_configure_dynamic_mpu_regions
                0x0000000000001f00       0x24 zephyr/arch/arch/arm/core/aarch32/mpu/libarch__arm__core__aarch32__mpu.a(arm_core_mpu.c.obj)
                0x0000000000001f00                z_arm_configure_dynamic_mpu_regions
 .text.region_init
                0x0000000000001f24       0x28 zephyr/arch/arch/arm/core/aarch32/mpu/libarch__arm__core__aarch32__mpu.a(arm_mpu.c.obj)
 .text.mpu_configure_static_mpu_regions
                0x0000000000001f4c       0x14 zephyr/arch/arch/arm/core/aarch32/mpu/libarch__arm__core__aarch32__mpu.a(arm_mpu.c.obj)
 .text.mpu_configure_dynamic_mpu_regions
                0x0000000000001f60       0x34 zephyr/arch/arch/arm/core/aarch32/mpu/libarch__arm__core__aarch32__mpu.a(arm_mpu.c.obj)
 .text.arm_core_mpu_enable
                0x0000000000001f94       0x18 zephyr/arch/arch/arm/core/aarch32/mpu/libarch__arm__core__aarch32__mpu.a(arm_mpu.c.obj)
                0x0000000000001f94                arm_core_mpu_enable
 .text.arm_core_mpu_disable
                0x0000000000001fac       0x14 zephyr/arch/arch/arm/core/aarch32/mpu/libarch__arm__core__aarch32__mpu.a(arm_mpu.c.obj)
                0x0000000000001fac                arm_core_mpu_disable
 .text.z_arm_mpu_init
                0x0000000000001fc0       0x44 zephyr/arch/arch/arm/core/aarch32/mpu/libarch__arm__core__aarch32__mpu.a(arm_mpu.c.obj)
                0x0000000000001fc0                z_arm_mpu_init
 .text.__stdout_hook_install
                0x0000000000002004        0xc zephyr/lib/libc/minimal/liblib__libc__minimal.a(stdout_console.c.obj)
                0x0000000000002004                __stdout_hook_install
 .text.z_impl_zephyr_fputc
                0x0000000000002010       0x1c zephyr/lib/libc/minimal/liblib__libc__minimal.a(stdout_console.c.obj)
                0x0000000000002010                z_impl_zephyr_fputc
 .text.printf   0x000000000000202c       0x24 zephyr/lib/libc/minimal/liblib__libc__minimal.a(fprintf.c.obj)
                0x000000000000202c                printf
 .text.nordicsemi_nrf52_init
                0x0000000000002050       0x4c zephyr/soc/arm/nordic_nrf/nrf52/libsoc__arm__nordic_nrf__nrf52.a(soc.c.obj)
 .text.arch_busy_wait
                0x000000000000209c       0x18 zephyr/soc/arm/nordic_nrf/nrf52/libsoc__arm__nordic_nrf__nrf52.a(soc.c.obj)
                0x000000000000209c                arch_busy_wait
 .text.get_hf_flags
                0x00000000000020b4        0x8 zephyr/drivers/clock_control/libdrivers__clock_control.a(clock_control_nrf.c.obj)
 .text.get_subsys
                0x00000000000020bc       0x18 zephyr/drivers/clock_control/libdrivers__clock_control.a(clock_control_nrf.c.obj)
 .text.onoff_stop
                0x00000000000020d4       0x20 zephyr/drivers/clock_control/libdrivers__clock_control.a(clock_control_nrf.c.obj)
 .text.onoff_start
                0x00000000000020f4       0x34 zephyr/drivers/clock_control/libdrivers__clock_control.a(clock_control_nrf.c.obj)
 .text.clock_event_handler
                0x0000000000002128       0x34 zephyr/drivers/clock_control/libdrivers__clock_control.a(clock_control_nrf.c.obj)
 .text.generic_hfclk_start
                0x000000000000215c       0x68 zephyr/drivers/clock_control/libdrivers__clock_control.a(clock_control_nrf.c.obj)
 .text.generic_hfclk_stop
                0x00000000000021c4       0x30 zephyr/drivers/clock_control/libdrivers__clock_control.a(clock_control_nrf.c.obj)
 .text.api_blocking_start
                0x00000000000021f4       0x38 zephyr/drivers/clock_control/libdrivers__clock_control.a(clock_control_nrf.c.obj)
 .text.clk_init
                0x000000000000222c       0x60 zephyr/drivers/clock_control/libdrivers__clock_control.a(clock_control_nrf.c.obj)
 .text.lfclk_spinwait
                0x000000000000228c       0xe4 zephyr/drivers/clock_control/libdrivers__clock_control.a(clock_control_nrf.c.obj)
 .text.z_nrf_clock_control_lf_on
                0x0000000000002370       0x54 zephyr/drivers/clock_control/libdrivers__clock_control.a(clock_control_nrf.c.obj)
                0x0000000000002370                z_nrf_clock_control_lf_on
 .text.rtt_console_init
                0x00000000000023c4       0x18 zephyr/drivers/console/libdrivers__console.a(rtt_console.c.obj)
 .text.rtt_console_out
                0x00000000000023dc       0x54 zephyr/drivers/console/libdrivers__console.a(rtt_console.c.obj)
 .text.get_dev  0x0000000000002430       0x1c zephyr/drivers/gpio/libdrivers__gpio.a(gpio_nrfx.c.obj)
 .text.gpio_nrfx_pin_interrupt_configure
                0x000000000000244c       0xc8 zephyr/drivers/gpio/libdrivers__gpio.a(gpio_nrfx.c.obj)
 .text.pin_uninit
                0x0000000000002514       0x48 zephyr/drivers/gpio/libdrivers__gpio.a(gpio_nrfx.c.obj)
 .text.gpio_nrfx_pin_configure
                0x000000000000255c      0x104 zephyr/drivers/gpio/libdrivers__gpio.a(gpio_nrfx.c.obj)
 .text.gpio_nrfx_init
                0x0000000000002660       0x3c zephyr/drivers/gpio/libdrivers__gpio.a(gpio_nrfx.c.obj)
 .text.baudrate_set
                0x000000000000269c      0x150 zephyr/drivers/serial/libdrivers__serial.a(uart_nrfx_uarte.c.obj)
 .text.uarte_nrfx_poll_out
                0x00000000000027ec       0x70 zephyr/drivers/serial/libdrivers__serial.a(uart_nrfx_uarte.c.obj)
 .text.endtx_stoptx_ppi_init
                0x000000000000285c       0x48 zephyr/drivers/serial/libdrivers__serial.a(uart_nrfx_uarte.c.obj)
 .text.set_comparator
                0x00000000000028a4       0x14 zephyr/drivers/timer/libdrivers__timer.a(nrf_rtc_timer.c.obj)
 .text.get_comparator
                0x00000000000028b8       0x10 zephyr/drivers/timer/libdrivers__timer.a(nrf_rtc_timer.c.obj)
 .text.event_enable
                0x00000000000028c8       0x14 zephyr/drivers/timer/libdrivers__timer.a(nrf_rtc_timer.c.obj)
 .text.event_disable
                0x00000000000028dc       0x14 zephyr/drivers/timer/libdrivers__timer.a(nrf_rtc_timer.c.obj)
 .text.counter  0x00000000000028f0        0xc zephyr/drivers/timer/libdrivers__timer.a(nrf_rtc_timer.c.obj)
 .text.compare_int_lock
                0x00000000000028fc       0x50 zephyr/drivers/timer/libdrivers__timer.a(nrf_rtc_timer.c.obj)
 .text.channel_processing_check_and_clear
                0x000000000000294c       0x78 zephyr/drivers/timer/libdrivers__timer.a(nrf_rtc_timer.c.obj)
 .text.compare_int_unlock
                0x00000000000029c4       0x60 zephyr/drivers/timer/libdrivers__timer.a(nrf_rtc_timer.c.obj)
 .text.sys_clock_timeout_handler
                0x0000000000002a24       0x78 zephyr/drivers/timer/libdrivers__timer.a(nrf_rtc_timer.c.obj)
 .text.z_nrf_rtc_timer_read
                0x0000000000002a9c       0x40 zephyr/drivers/timer/libdrivers__timer.a(nrf_rtc_timer.c.obj)
                0x0000000000002a9c                z_nrf_rtc_timer_read
 .text.compare_set_nolocks
                0x0000000000002adc       0xa0 zephyr/drivers/timer/libdrivers__timer.a(nrf_rtc_timer.c.obj)
 .text.sys_clock_driver_init
                0x0000000000002b7c       0x94 zephyr/drivers/timer/libdrivers__timer.a(nrf_rtc_timer.c.obj)
 .text.process_channel
                0x0000000000002c10       0x74 zephyr/drivers/timer/libdrivers__timer.a(nrf_rtc_timer.c.obj)
 .text.rtc_nrf_isr
                0x0000000000002c84       0x44 zephyr/drivers/timer/libdrivers__timer.a(nrf_rtc_timer.c.obj)
                0x0000000000002c84                rtc_nrf_isr
 .text.sys_clock_set_timeout
                0x0000000000002cc8       0x64 zephyr/drivers/timer/libdrivers__timer.a(nrf_rtc_timer.c.obj)
                0x0000000000002cc8                sys_clock_set_timeout
 .text.sys_clock_elapsed
                0x0000000000002d2c       0x14 zephyr/drivers/timer/libdrivers__timer.a(nrf_rtc_timer.c.obj)
                0x0000000000002d2c                sys_clock_elapsed
 .text.nrf_pin_configure
                0x0000000000002d40       0x44 zephyr/drivers/pinctrl/libdrivers__pinctrl.a(pinctrl_nrf.c.obj)
 .text.pinctrl_configure_pins
                0x0000000000002d84      0x3e4 zephyr/drivers/pinctrl/libdrivers__pinctrl.a(pinctrl_nrf.c.obj)
                0x0000000000002d84                pinctrl_configure_pins
 .text.nvmc_wait
                0x0000000000003168       0x10 modules/hal_nordic/nrfx/libmodules__hal_nordic__nrfx.a(system_nrf52840.c.obj)
                0x0000000000003168                nvmc_wait
 .text.nvmc_config
                0x0000000000003178       0x14 modules/hal_nordic/nrfx/libmodules__hal_nordic__nrfx.a(system_nrf52840.c.obj)
                0x0000000000003178                nvmc_config
 .text.SystemCoreClockUpdate
                0x000000000000318c       0x10 modules/hal_nordic/nrfx/libmodules__hal_nordic__nrfx.a(system_nrf52840.c.obj)
                0x000000000000318c                SystemCoreClockUpdate
 .text.SystemInit
                0x000000000000319c      0x1ac modules/hal_nordic/nrfx/libmodules__hal_nordic__nrfx.a(system_nrf52840.c.obj)
                0x000000000000319c                SystemInit
 .text.nrfx_flag32_alloc
                0x0000000000003348       0x50 modules/hal_nordic/nrfx/libmodules__hal_nordic__nrfx.a(nrfx_flag32_allocator.c.obj)
                0x0000000000003348                nrfx_flag32_alloc
 .text.nrfx_flag32_free
                0x0000000000003398       0x44 modules/hal_nordic/nrfx/libmodules__hal_nordic__nrfx.a(nrfx_flag32_allocator.c.obj)
                0x0000000000003398                nrfx_flag32_free
 .text.clock_stop
                0x00000000000033dc       0xd4 modules/hal_nordic/nrfx/libmodules__hal_nordic__nrfx.a(nrfx_clock.c.obj)
 .text.nrfx_clock_init
                0x00000000000034b0       0x28 modules/hal_nordic/nrfx/libmodules__hal_nordic__nrfx.a(nrfx_clock.c.obj)
                0x00000000000034b0                nrfx_clock_init
 .text.nrfx_power_clock_irq_handler
                0x00000000000034d8       0x7c modules/hal_nordic/nrfx/libmodules__hal_nordic__nrfx.a(nrfx_clock.c.obj)
                0x00000000000034d8                nrfx_power_clock_irq_handler
 .text.pin_in_use
                0x0000000000003554       0x14 modules/hal_nordic/nrfx/libmodules__hal_nordic__nrfx.a(nrfx_gpiote.c.obj)
 .text.pin_in_use_by_te
                0x0000000000003568       0x14 modules/hal_nordic/nrfx/libmodules__hal_nordic__nrfx.a(nrfx_gpiote.c.obj)
 .text.pin_has_trigger
                0x000000000000357c       0x18 modules/hal_nordic/nrfx/libmodules__hal_nordic__nrfx.a(nrfx_gpiote.c.obj)
 .text.pin_is_output
                0x0000000000003594       0x14 modules/hal_nordic/nrfx/libmodules__hal_nordic__nrfx.a(nrfx_gpiote.c.obj)
 .text.pin_te_get
                0x00000000000035a8       0x10 modules/hal_nordic/nrfx/libmodules__hal_nordic__nrfx.a(nrfx_gpiote.c.obj)
 .text.handler_in_use
                0x00000000000035b8       0x34 modules/hal_nordic/nrfx/libmodules__hal_nordic__nrfx.a(nrfx_gpiote.c.obj)
 .text.find_handler
                0x00000000000035ec       0x2c modules/hal_nordic/nrfx/libmodules__hal_nordic__nrfx.a(nrfx_gpiote.c.obj)
 .text.channel_handler_get
                0x0000000000003618       0x20 modules/hal_nordic/nrfx/libmodules__hal_nordic__nrfx.a(nrfx_gpiote.c.obj)
 .text.call_handler
                0x0000000000003638       0x2c modules/hal_nordic/nrfx/libmodules__hal_nordic__nrfx.a(nrfx_gpiote.c.obj)
 .text.release_handler
                0x0000000000003664       0x44 modules/hal_nordic/nrfx/libmodules__hal_nordic__nrfx.a(nrfx_gpiote.c.obj)
 .text.pin_handler_trigger_uninit
                0x00000000000036a8       0x38 modules/hal_nordic/nrfx/libmodules__hal_nordic__nrfx.a(nrfx_gpiote.c.obj)
 .text.pin_handler_set
                0x00000000000036e0       0x6c modules/hal_nordic/nrfx/libmodules__hal_nordic__nrfx.a(nrfx_gpiote.c.obj)
 .text.gpiote_evt_handle
                0x000000000000374c       0x44 modules/hal_nordic/nrfx/libmodules__hal_nordic__nrfx.a(nrfx_gpiote.c.obj)
 .text.latch_pending_read_and_check
                0x0000000000003790       0x50 modules/hal_nordic/nrfx/libmodules__hal_nordic__nrfx.a(nrfx_gpiote.c.obj)
 .text.next_sense_cond_call_handler
                0x00000000000037e0       0xdc modules/hal_nordic/nrfx/libmodules__hal_nordic__nrfx.a(nrfx_gpiote.c.obj)
 .text.port_event_handle
                0x00000000000038bc       0xd4 modules/hal_nordic/nrfx/libmodules__hal_nordic__nrfx.a(nrfx_gpiote.c.obj)
 .text.nrfx_gpiote_input_configure
                0x0000000000003990      0x170 modules/hal_nordic/nrfx/libmodules__hal_nordic__nrfx.a(nrfx_gpiote.c.obj)
                0x0000000000003990                nrfx_gpiote_input_configure
 .text.nrfx_gpiote_output_configure
                0x0000000000003b00      0x188 modules/hal_nordic/nrfx/libmodules__hal_nordic__nrfx.a(nrfx_gpiote.c.obj)
                0x0000000000003b00                nrfx_gpiote_output_configure
 .text.nrfx_gpiote_global_callback_set
                0x0000000000003c88        0xc modules/hal_nordic/nrfx/libmodules__hal_nordic__nrfx.a(nrfx_gpiote.c.obj)
                0x0000000000003c88                nrfx_gpiote_global_callback_set
 .text.nrfx_gpiote_channel_get
                0x0000000000003c94       0x30 modules/hal_nordic/nrfx/libmodules__hal_nordic__nrfx.a(nrfx_gpiote.c.obj)
                0x0000000000003c94                nrfx_gpiote_channel_get
 .text.nrfx_gpiote_init
                0x0000000000003cc4       0x54 modules/hal_nordic/nrfx/libmodules__hal_nordic__nrfx.a(nrfx_gpiote.c.obj)
                0x0000000000003cc4                nrfx_gpiote_init
 .text.nrfx_gpiote_is_init
                0x0000000000003d18       0x14 modules/hal_nordic/nrfx/libmodules__hal_nordic__nrfx.a(nrfx_gpiote.c.obj)
                0x0000000000003d18                nrfx_gpiote_is_init
 .text.nrfx_gpiote_channel_free
                0x0000000000003d2c       0x10 modules/hal_nordic/nrfx/libmodules__hal_nordic__nrfx.a(nrfx_gpiote.c.obj)
                0x0000000000003d2c                nrfx_gpiote_channel_free
 .text.nrfx_gpiote_channel_alloc
                0x0000000000003d3c       0x10 modules/hal_nordic/nrfx/libmodules__hal_nordic__nrfx.a(nrfx_gpiote.c.obj)
                0x0000000000003d3c                nrfx_gpiote_channel_alloc
 .text.nrfx_gpiote_trigger_enable
                0x0000000000003d4c       0xc8 modules/hal_nordic/nrfx/libmodules__hal_nordic__nrfx.a(nrfx_gpiote.c.obj)
                0x0000000000003d4c                nrfx_gpiote_trigger_enable
 .text.nrfx_gpiote_trigger_disable
                0x0000000000003e14       0x60 modules/hal_nordic/nrfx/libmodules__hal_nordic__nrfx.a(nrfx_gpiote.c.obj)
                0x0000000000003e14                nrfx_gpiote_trigger_disable
 .text.nrfx_gpiote_pin_uninit
                0x0000000000003e74       0x48 modules/hal_nordic/nrfx/libmodules__hal_nordic__nrfx.a(nrfx_gpiote.c.obj)
                0x0000000000003e74                nrfx_gpiote_pin_uninit
 .text.nrfx_gpiote_irq_handler
                0x0000000000003ebc       0x60 modules/hal_nordic/nrfx/libmodules__hal_nordic__nrfx.a(nrfx_gpiote.c.obj)
                0x0000000000003ebc                nrfx_gpiote_irq_handler
 .text.nrfx_ppi_channel_alloc
                0x0000000000003f1c       0x10 modules/hal_nordic/nrfx/libmodules__hal_nordic__nrfx.a(nrfx_ppi.c.obj)
                0x0000000000003f1c                nrfx_ppi_channel_alloc
 .text._DoInit  0x0000000000003f2c       0x6c modules/segger/libmodules__segger.a(SEGGER_RTT.c.obj)
 .text.SEGGER_RTT_WriteNoLock
                0x0000000000003f98       0x6c modules/segger/libmodules__segger.a(SEGGER_RTT.c.obj)
                0x0000000000003f98                SEGGER_RTT_WriteNoLock
 .text.z_device_state_init
                0x0000000000004004       0x18 zephyr/kernel/libkernel.a(device.c.obj)
                0x0000000000004004                z_device_state_init
 .text.z_sys_init_run_level
                0x000000000000401c       0x50 zephyr/kernel/libkernel.a(device.c.obj)
                0x000000000000401c                z_sys_init_run_level
 .text.z_impl_device_get_binding
                0x000000000000406c       0x64 zephyr/kernel/libkernel.a(device.c.obj)
                0x000000000000406c                z_impl_device_get_binding
 .text.init_idle_thread
                0x00000000000040d0       0x5c zephyr/kernel/libkernel.a(init.c.obj)
 .text.bg_thread_main
                0x000000000000412c       0x34 zephyr/kernel/libkernel.a(init.c.obj)
 .text.switch_to_main_thread
                0x0000000000004160       0x14 zephyr/kernel/libkernel.a(init.c.obj)
 .text.z_bss_zero
                0x0000000000004174       0x18 zephyr/kernel/libkernel.a(init.c.obj)
                0x0000000000004174                z_bss_zero
 .text.z_init_cpu
                0x000000000000418c       0x44 zephyr/kernel/libkernel.a(init.c.obj)
                0x000000000000418c                z_init_cpu
 .text.prepare_multithreading
                0x00000000000041d0       0x60 zephyr/kernel/libkernel.a(init.c.obj)
 .text.z_cstart
                0x0000000000004230       0x88 zephyr/kernel/libkernel.a(init.c.obj)
                0x0000000000004230                z_cstart
 .text.z_thread_monitor_exit
                0x00000000000042b8       0x40 zephyr/kernel/libkernel.a(thread.c.obj)
                0x00000000000042b8                z_thread_monitor_exit
 .text.schedule_new_thread
                0x00000000000042f8       0x1c zephyr/kernel/libkernel.a(thread.c.obj)
 .text.z_setup_new_thread
                0x0000000000004314       0xc8 zephyr/kernel/libkernel.a(thread.c.obj)
                0x0000000000004314                z_setup_new_thread
 .text.z_init_static_threads
                0x00000000000043dc       0x94 zephyr/kernel/libkernel.a(thread.c.obj)
                0x00000000000043dc                z_init_static_threads
 .text.idle     0x0000000000004470       0x3c zephyr/kernel/libkernel.a(idle.c.obj)
                0x0000000000004470                idle
 .text.z_impl_k_sem_give
                0x00000000000044ac       0x48 zephyr/kernel/libkernel.a(sem.c.obj)
                0x00000000000044ac                z_impl_k_sem_give
 .text.z_impl_k_sem_take
                0x00000000000044f4       0x50 zephyr/kernel/libkernel.a(sem.c.obj)
                0x00000000000044f4                z_impl_k_sem_take
 .text.add_thread_timeout
                0x0000000000004544       0x20 zephyr/kernel/libkernel.a(sched.c.obj)
 .text.z_reset_time_slice
                0x0000000000004564       0x28 zephyr/kernel/libkernel.a(sched.c.obj)
                0x0000000000004564                z_reset_time_slice
 .text.k_sched_time_slice_set
                0x000000000000458c       0x74 zephyr/kernel/libkernel.a(sched.c.obj)
                0x000000000000458c                k_sched_time_slice_set
 .text.z_reschedule
                0x0000000000004600       0x38 zephyr/kernel/libkernel.a(sched.c.obj)
                0x0000000000004600                z_reschedule
 .text.k_sched_lock
                0x0000000000004638       0x34 zephyr/kernel/libkernel.a(sched.c.obj)
                0x0000000000004638                k_sched_lock
 .text.update_cache
                0x000000000000466c       0x50 zephyr/kernel/libkernel.a(sched.c.obj)
 .text.move_thread_to_end_of_prio_q
                0x00000000000046bc       0x88 zephyr/kernel/libkernel.a(sched.c.obj)
 .text.slice_expired_locked
                0x0000000000004744       0x28 zephyr/kernel/libkernel.a(sched.c.obj)
 .text.z_time_slice
                0x000000000000476c       0xb0 zephyr/kernel/libkernel.a(sched.c.obj)
                0x000000000000476c                z_time_slice
 .text.ready_thread
                0x000000000000481c       0x80 zephyr/kernel/libkernel.a(sched.c.obj)
 .text.z_sched_start
                0x000000000000489c       0x3c zephyr/kernel/libkernel.a(sched.c.obj)
                0x000000000000489c                z_sched_start
 .text.unready_thread
                0x00000000000048d8       0x38 zephyr/kernel/libkernel.a(sched.c.obj)
 .text.z_pend_curr
                0x0000000000004910       0x28 zephyr/kernel/libkernel.a(sched.c.obj)
                0x0000000000004910                z_pend_curr
 .text.z_impl_k_thread_suspend
                0x0000000000004938       0x84 zephyr/kernel/libkernel.a(sched.c.obj)
                0x0000000000004938                z_impl_k_thread_suspend
 .text.k_sched_unlock
                0x00000000000049bc       0x50 zephyr/kernel/libkernel.a(sched.c.obj)
                0x00000000000049bc                k_sched_unlock
 .text.end_thread
                0x0000000000004a0c       0x9c zephyr/kernel/libkernel.a(sched.c.obj)
 .text.z_sched_init
                0x0000000000004aa8       0x18 zephyr/kernel/libkernel.a(sched.c.obj)
                0x0000000000004aa8                z_sched_init
 .text.z_impl_k_yield
                0x0000000000004ac0       0x88 zephyr/kernel/libkernel.a(sched.c.obj)
                0x0000000000004ac0                z_impl_k_yield
 .text.z_tick_sleep
                0x0000000000004b48       0x98 zephyr/kernel/libkernel.a(sched.c.obj)
 .text.z_impl_k_sleep
                0x0000000000004be0       0x58 zephyr/kernel/libkernel.a(sched.c.obj)
                0x0000000000004be0                z_impl_k_sleep
 .text.z_impl_z_current_get
                0x0000000000004c38        0xc zephyr/kernel/libkernel.a(sched.c.obj)
                0x0000000000004c38                z_impl_z_current_get
 .text.z_thread_abort
                0x0000000000004c44       0x50 zephyr/kernel/libkernel.a(sched.c.obj)
                0x0000000000004c44                z_thread_abort
 .text.z_data_copy
                0x0000000000004c94       0x34 zephyr/kernel/libkernel.a(xip.c.obj)
                0x0000000000004c94                z_data_copy
 .text.first    0x0000000000004cc8       0x14 zephyr/kernel/libkernel.a(timeout.c.obj)
 .text.next     0x0000000000004cdc       0x18 zephyr/kernel/libkernel.a(timeout.c.obj)
 .text.elapsed  0x0000000000004cf4       0x18 zephyr/kernel/libkernel.a(timeout.c.obj)
 .text.next_timeout
                0x0000000000004d0c       0x4c zephyr/kernel/libkernel.a(timeout.c.obj)
 .text.z_add_timeout
                0x0000000000004d58      0x118 zephyr/kernel/libkernel.a(timeout.c.obj)
                0x0000000000004d58                z_add_timeout
 .text.sys_clock_announce
                0x0000000000004e70       0xc4 zephyr/kernel/libkernel.a(timeout.c.obj)
                0x0000000000004e70                sys_clock_announce
 .text.sys_clock_tick_get
                0x0000000000004f34       0x40 zephyr/kernel/libkernel.a(timeout.c.obj)
                0x0000000000004f34                sys_clock_tick_get
 .text.boot_banner
                0x0000000000004f74       0x1c zephyr/kernel/libkernel.a(banner.c.obj)
                0x0000000000004f74                boot_banner
 .text._OffsetAbsSyms
                0x0000000000004f90        0x2 zephyr/CMakeFiles/offsets.dir/./arch/arm/core/offsets/offsets.c.obj
                0x0000000000004f90                _OffsetAbsSyms
 .text.z_impl_gpio_pin_configure
                0x0000000000004f92       0x4c app/libapp.a(main.c.obj)
 .text.sys_notify_validate
                0x0000000000004fde       0x2e zephyr/libzephyr.a(notify.c.obj)
                0x0000000000004fde                sys_notify_validate
 .text.sys_notify_finalize
                0x000000000000500c       0x1a zephyr/libzephyr.a(notify.c.obj)
                0x000000000000500c                sys_notify_finalize
 .text.arch_printk_char_out
                0x0000000000005026        0x4 zephyr/libzephyr.a(printk.c.obj)
                0x0000000000005026                arch_printk_char_out
 .text.printk   0x000000000000502a       0x1c zephyr/libzephyr.a(printk.c.obj)
                0x000000000000502a                printk
 .text.set_state
                0x0000000000005046       0x10 zephyr/libzephyr.a(onoff.c.obj)
 .text.notify_monitors
                0x0000000000005056       0x3e zephyr/libzephyr.a(onoff.c.obj)
 .text.process_recheck
                0x0000000000005094       0x32 zephyr/libzephyr.a(onoff.c.obj)
 .text.process_complete
                0x00000000000050c6       0x9c zephyr/libzephyr.a(onoff.c.obj)
 .text.validate_args
                0x0000000000005162       0x2c zephyr/libzephyr.a(onoff.c.obj)
 .text.notify_one
                0x000000000000518e       0x26 zephyr/libzephyr.a(onoff.c.obj)
 .text.notify_all
                0x00000000000051b4       0x2e zephyr/libzephyr.a(onoff.c.obj)
 .text.transition_complete
                0x00000000000051e2       0x1c zephyr/libzephyr.a(onoff.c.obj)
 .text.onoff_manager_init
                0x00000000000051fe       0x3a zephyr/libzephyr.a(onoff.c.obj)
                0x00000000000051fe                onoff_manager_init
 .text.onoff_request
                0x0000000000005238       0xb8 zephyr/libzephyr.a(onoff.c.obj)
                0x0000000000005238                onoff_request
 .text.z_thread_entry
                0x00000000000052f0       0x14 zephyr/libzephyr.a(thread_entry.c.obj)
                0x00000000000052f0                z_thread_entry
 .text.extract_decimal
                0x0000000000005304       0x24 zephyr/libzephyr.a(cbprintf_complete.c.obj)
 .text.encode_uint
                0x0000000000005328       0xd4 zephyr/libzephyr.a(cbprintf_complete.c.obj)
 .text.outs     0x00000000000053fc       0x34 zephyr/libzephyr.a(cbprintf_complete.c.obj)
 .text._ConfigAbsSyms
                0x0000000000005430        0x2 zephyr/libzephyr.a(configs.c.obj)
                0x0000000000005430                _ConfigAbsSyms
 .text.pm_policy_state_lock_is_active
                0x0000000000005432        0x4 zephyr/libzephyr.a(policy.c.obj)
                0x0000000000005432                pm_policy_state_lock_is_active
 .text.z_arm_fatal_error
                0x0000000000005436        0x8 zephyr/arch/arch/arm/core/aarch32/libarch__arm__core__aarch32.a(fatal.c.obj)
                0x0000000000005436                z_arm_fatal_error
 .text.z_do_kernel_oops
                0x000000000000543e        0xc zephyr/arch/arch/arm/core/aarch32/libarch__arm__core__aarch32.a(fatal.c.obj)
                0x000000000000543e                z_do_kernel_oops
 .text.z_irq_spurious
                0x000000000000544a        0xc zephyr/arch/arch/arm/core/aarch32/libarch__arm__core__aarch32.a(irq_manage.c.obj)
                0x000000000000544a                z_irq_spurious
 .text.z_arm_nmi
                0x0000000000005456        0xc zephyr/arch/arch/arm/core/aarch32/libarch__arm__core__aarch32.a(nmi.c.obj)
                0x0000000000005456                z_arm_nmi
 .text.memory_fault_recoverable
                0x0000000000005462        0x4 zephyr/arch/arch/arm/core/aarch32/cortex_m/libarch__arm__core__aarch32__cortex_m.a(fault.c.obj)
 .text.debug_monitor
                0x0000000000005466        0x6 zephyr/arch/arch/arm/core/aarch32/cortex_m/libarch__arm__core__aarch32__cortex_m.a(fault.c.obj)
 .text.fault_handle
                0x000000000000546c       0x46 zephyr/arch/arch/arm/core/aarch32/cortex_m/libarch__arm__core__aarch32__cortex_m.a(fault.c.obj)
 .text.mpu_partition_is_valid
                0x00000000000054b2       0x22 zephyr/arch/arch/arm/core/aarch32/mpu/libarch__arm__core__aarch32__mpu.a(arm_mpu.c.obj)
 .text.region_allocate_and_init
                0x00000000000054d4       0x16 zephyr/arch/arch/arm/core/aarch32/mpu/libarch__arm__core__aarch32__mpu.a(arm_mpu.c.obj)
 .text.mpu_configure_region
                0x00000000000054ea       0x3e zephyr/arch/arch/arm/core/aarch32/mpu/libarch__arm__core__aarch32__mpu.a(arm_mpu.c.obj)
 .text.mpu_configure_regions
                0x0000000000005528       0x50 zephyr/arch/arch/arm/core/aarch32/mpu/libarch__arm__core__aarch32__mpu.a(arm_mpu.c.obj)
 .text.arm_core_mpu_configure_static_mpu_regions
                0x0000000000005578        0x8 zephyr/arch/arch/arm/core/aarch32/mpu/libarch__arm__core__aarch32__mpu.a(arm_mpu.c.obj)
                0x0000000000005578                arm_core_mpu_configure_static_mpu_regions
 .text.arm_core_mpu_configure_dynamic_mpu_regions
                0x0000000000005580        0x8 zephyr/arch/arch/arm/core/aarch32/mpu/libarch__arm__core__aarch32__mpu.a(arm_mpu.c.obj)
                0x0000000000005580                arm_core_mpu_configure_dynamic_mpu_regions
 .text.strcpy   0x0000000000005588       0x14 zephyr/lib/libc/minimal/liblib__libc__minimal.a(string.c.obj)
                0x0000000000005588                strcpy
 .text.strncpy  0x000000000000559c       0x34 zephyr/lib/libc/minimal/liblib__libc__minimal.a(string.c.obj)
                0x000000000000559c                strncpy
 .text.strlen   0x00000000000055d0       0x12 zephyr/lib/libc/minimal/liblib__libc__minimal.a(string.c.obj)
                0x00000000000055d0                strlen
 .text.strnlen  0x00000000000055e2       0x14 zephyr/lib/libc/minimal/liblib__libc__minimal.a(string.c.obj)
                0x00000000000055e2                strnlen
 .text.strcmp   0x00000000000055f6       0x16 zephyr/lib/libc/minimal/liblib__libc__minimal.a(string.c.obj)
                0x00000000000055f6                strcmp
 .text.memcpy   0x000000000000560c       0x5e zephyr/lib/libc/minimal/liblib__libc__minimal.a(string.c.obj)
                0x000000000000560c                memcpy
 .text.memset   0x000000000000566a       0x3c zephyr/lib/libc/minimal/liblib__libc__minimal.a(string.c.obj)
                0x000000000000566a                memset
 .text._stdout_hook_default
                0x00000000000056a6        0x6 zephyr/lib/libc/minimal/liblib__libc__minimal.a(stdout_console.c.obj)
 .text.fputc    0x00000000000056ac        0x8 zephyr/lib/libc/minimal/liblib__libc__minimal.a(stdout_console.c.obj)
                0x00000000000056ac                fputc
 .text.nrf52_errata_197
                0x00000000000056b4       0x20 zephyr/soc/arm/nordic_nrf/nrf52/libsoc__arm__nordic_nrf__nrf52.a(soc.c.obj)
 .text.pm_state_set
                0x00000000000056d4       0x18 zephyr/soc/arm/nordic_nrf/nrf52/libsoc__arm__nordic_nrf__nrf52.a(power.c.obj)
                0x00000000000056d4                pm_state_set
 .text.pm_state_exit_post_ops
                0x00000000000056ec        0xc zephyr/soc/arm/nordic_nrf/nrf52/libsoc__arm__nordic_nrf__nrf52.a(power.c.obj)
                0x00000000000056ec                pm_state_exit_post_ops
 .text.get_sub_data
                0x00000000000056f8        0xe zephyr/drivers/clock_control/libdrivers__clock_control.a(clock_control_nrf.c.obj)
 .text.get_sub_config
                0x0000000000005706        0x8 zephyr/drivers/clock_control/libdrivers__clock_control.a(clock_control_nrf.c.obj)
 .text.get_onoff_manager
                0x000000000000570e        0xc zephyr/drivers/clock_control/libdrivers__clock_control.a(clock_control_nrf.c.obj)
 .text.get_status
                0x000000000000571a       0x10 zephyr/drivers/clock_control/libdrivers__clock_control.a(clock_control_nrf.c.obj)
 .text.set_off_state
                0x000000000000572a       0x32 zephyr/drivers/clock_control/libdrivers__clock_control.a(clock_control_nrf.c.obj)
 .text.set_starting_state
                0x000000000000575c       0x3c zephyr/drivers/clock_control/libdrivers__clock_control.a(clock_control_nrf.c.obj)
 .text.set_on_state
                0x0000000000005798       0x26 zephyr/drivers/clock_control/libdrivers__clock_control.a(clock_control_nrf.c.obj)
 .text.clkstarted_handle
                0x00000000000057be       0x24 zephyr/drivers/clock_control/libdrivers__clock_control.a(clock_control_nrf.c.obj)
 .text.stop     0x00000000000057e2       0x2a zephyr/drivers/clock_control/libdrivers__clock_control.a(clock_control_nrf.c.obj)
 .text.api_stop
                0x000000000000580c        0xa zephyr/drivers/clock_control/libdrivers__clock_control.a(clock_control_nrf.c.obj)
 .text.async_start
                0x0000000000005816       0x38 zephyr/drivers/clock_control/libdrivers__clock_control.a(clock_control_nrf.c.obj)
 .text.api_start
                0x000000000000584e       0x10 zephyr/drivers/clock_control/libdrivers__clock_control.a(clock_control_nrf.c.obj)
 .text.onoff_started_callback
                0x000000000000585e       0x10 zephyr/drivers/clock_control/libdrivers__clock_control.a(clock_control_nrf.c.obj)
 .text.hfclk_start
                0x000000000000586e        0xa zephyr/drivers/clock_control/libdrivers__clock_control.a(clock_control_nrf.c.obj)
 .text.lfclk_start
                0x0000000000005878        0xa zephyr/drivers/clock_control/libdrivers__clock_control.a(clock_control_nrf.c.obj)
 .text.hfclk_stop
                0x0000000000005882        0xa zephyr/drivers/clock_control/libdrivers__clock_control.a(clock_control_nrf.c.obj)
 .text.lfclk_stop
                0x000000000000588c        0xa zephyr/drivers/clock_control/libdrivers__clock_control.a(clock_control_nrf.c.obj)
 .text.blocking_start_callback
                0x0000000000005896        0xa zephyr/drivers/clock_control/libdrivers__clock_control.a(clock_control_nrf.c.obj)
 .text.wait     0x00000000000058a0       0x14 zephyr/drivers/console/libdrivers__console.a(rtt_console.c.obj)
 .text.get_drive
                0x00000000000058b4       0x8c zephyr/drivers/gpio/libdrivers__gpio.a(gpio_nrfx.c.obj)
 .text.get_pull
                0x0000000000005940       0x18 zephyr/drivers/gpio/libdrivers__gpio.a(gpio_nrfx.c.obj)
 .text.gpio_nrfx_port_get_raw
                0x0000000000005958        0xe zephyr/drivers/gpio/libdrivers__gpio.a(gpio_nrfx.c.obj)
 .text.gpio_nrfx_port_set_masked_raw
                0x0000000000005966       0x16 zephyr/drivers/gpio/libdrivers__gpio.a(gpio_nrfx.c.obj)
 .text.gpio_nrfx_port_set_bits_raw
                0x000000000000597c        0xc zephyr/drivers/gpio/libdrivers__gpio.a(gpio_nrfx.c.obj)
 .text.gpio_nrfx_port_clear_bits_raw
                0x0000000000005988        0xc zephyr/drivers/gpio/libdrivers__gpio.a(gpio_nrfx.c.obj)
 .text.gpio_nrfx_port_toggle_bits
                0x0000000000005994       0x12 zephyr/drivers/gpio/libdrivers__gpio.a(gpio_nrfx.c.obj)
 .text.get_trigger
                0x00000000000059a6       0x2c zephyr/drivers/gpio/libdrivers__gpio.a(gpio_nrfx.c.obj)
 .text.gpio_nrfx_manage_callback
                0x00000000000059d2       0x72 zephyr/drivers/gpio/libdrivers__gpio.a(gpio_nrfx.c.obj)
 .text.nrfx_gpio_handler
                0x0000000000005a44       0x48 zephyr/drivers/gpio/libdrivers__gpio.a(gpio_nrfx.c.obj)
 .text.endtx_isr
                0x0000000000005a8c       0x32 zephyr/drivers/serial/libdrivers__serial.a(uart_nrfx_uarte.c.obj)
 .text.uarte_nrfx_isr_int
                0x0000000000005abe       0x52 zephyr/drivers/serial/libdrivers__serial.a(uart_nrfx_uarte.c.obj)
 .text.uarte_nrfx_configure
                0x0000000000005b10       0xa6 zephyr/drivers/serial/libdrivers__serial.a(uart_nrfx_uarte.c.obj)
 .text.uarte_nrfx_config_get
                0x0000000000005bb6       0x12 zephyr/drivers/serial/libdrivers__serial.a(uart_nrfx_uarte.c.obj)
 .text.uarte_nrfx_err_check
                0x0000000000005bc8        0xe zephyr/drivers/serial/libdrivers__serial.a(uart_nrfx_uarte.c.obj)
 .text.is_tx_ready
                0x0000000000005bd6       0x28 zephyr/drivers/serial/libdrivers__serial.a(uart_nrfx_uarte.c.obj)
 .text.uarte_enable
                0x0000000000005bfe        0xc zephyr/drivers/serial/libdrivers__serial.a(uart_nrfx_uarte.c.obj)
 .text.tx_start
                0x0000000000005c0a       0x3e zephyr/drivers/serial/libdrivers__serial.a(uart_nrfx_uarte.c.obj)
 .text.uarte_nrfx_poll_in
                0x0000000000005c48       0x2a zephyr/drivers/serial/libdrivers__serial.a(uart_nrfx_uarte.c.obj)
 .text.wait_tx_ready
                0x0000000000005c72       0x4e zephyr/drivers/serial/libdrivers__serial.a(uart_nrfx_uarte.c.obj)
 .text.uarte_instance_init
                0x0000000000005cc0       0xc2 zephyr/drivers/serial/libdrivers__serial.a(uart_nrfx_uarte.c.obj)
 .text.uarte_0_init
                0x0000000000005d82       0x1e zephyr/drivers/serial/libdrivers__serial.a(uart_nrfx_uarte.c.obj)
 .text.uarte_1_init
                0x0000000000005da0       0x1e zephyr/drivers/serial/libdrivers__serial.a(uart_nrfx_uarte.c.obj)
 .text.sys_clock_idle_exit
                0x0000000000005dbe        0x2 zephyr/drivers/timer/libdrivers__timer.a(sys_clock_init.c.obj)
                0x0000000000005dbe                sys_clock_idle_exit
 .text.counter_sub
                0x0000000000005dc0        0x8 zephyr/drivers/timer/libdrivers__timer.a(nrf_rtc_timer.c.obj)
 .text.event_clear
                0x0000000000005dc8       0x18 zephyr/drivers/timer/libdrivers__timer.a(nrf_rtc_timer.c.obj)
 .text.absolute_time_to_cc
                0x0000000000005de0        0x6 zephyr/drivers/timer/libdrivers__timer.a(nrf_rtc_timer.c.obj)
 .text.full_int_lock
                0x0000000000005de6       0x12 zephyr/drivers/timer/libdrivers__timer.a(nrf_rtc_timer.c.obj)
 .text.full_int_unlock
                0x0000000000005df8        0xa zephyr/drivers/timer/libdrivers__timer.a(nrf_rtc_timer.c.obj)
 .text.set_absolute_alarm
                0x0000000000005e02       0x76 zephyr/drivers/timer/libdrivers__timer.a(nrf_rtc_timer.c.obj)
 .text.compare_set
                0x0000000000005e78       0x32 zephyr/drivers/timer/libdrivers__timer.a(nrf_rtc_timer.c.obj)
 .text.sys_clock_cycle_get_32
                0x0000000000005eaa        0x8 zephyr/drivers/timer/libdrivers__timer.a(nrf_rtc_timer.c.obj)
                0x0000000000005eaa                sys_clock_cycle_get_32
 .text.pinctrl_lookup_state
                0x0000000000005eb2       0x34 zephyr/drivers/pinctrl/libdrivers__pinctrl.a(common.c.obj)
                0x0000000000005eb2                pinctrl_lookup_state
 .text.nrf52_errata_36
                0x0000000000005ee6       0x14 modules/hal_nordic/nrfx/libmodules__hal_nordic__nrfx.a(system_nrf52840.c.obj)
 .text.nrf52_errata_66
                0x0000000000005efa       0x14 modules/hal_nordic/nrfx/libmodules__hal_nordic__nrfx.a(system_nrf52840.c.obj)
 .text.nrf52_errata_98
                0x0000000000005f0e       0x26 modules/hal_nordic/nrfx/libmodules__hal_nordic__nrfx.a(system_nrf52840.c.obj)
 .text.nrf52_errata_103
                0x0000000000005f34       0x26 modules/hal_nordic/nrfx/libmodules__hal_nordic__nrfx.a(system_nrf52840.c.obj)
 .text.nrf52_errata_115
                0x0000000000005f5a       0x26 modules/hal_nordic/nrfx/libmodules__hal_nordic__nrfx.a(system_nrf52840.c.obj)
 .text.nrf52_errata_120
                0x0000000000005f80       0x26 modules/hal_nordic/nrfx/libmodules__hal_nordic__nrfx.a(system_nrf52840.c.obj)
 .text.nrf52_errata_136
                0x0000000000005fa6       0x14 modules/hal_nordic/nrfx/libmodules__hal_nordic__nrfx.a(system_nrf52840.c.obj)
 .text.nrf52_configuration_249
                0x0000000000005fba       0x20 modules/hal_nordic/nrfx/libmodules__hal_nordic__nrfx.a(system_nrf52840.c.obj)
 .text.nrfx_isr
                0x0000000000005fda        0x6 modules/hal_nordic/nrfx/libmodules__hal_nordic__nrfx.a(nrfx_glue.c.obj)
                0x0000000000005fda                nrfx_isr
 .text.nrfx_busy_wait
                0x0000000000005fe0        0x8 modules/hal_nordic/nrfx/libmodules__hal_nordic__nrfx.a(nrfx_glue.c.obj)
                0x0000000000005fe0                nrfx_busy_wait
 .text.clock_initial_lfclksrc_get
                0x0000000000005fe8        0x4 modules/hal_nordic/nrfx/libmodules__hal_nordic__nrfx.a(nrfx_clock.c.obj)
 .text.clock_lfclksrc_tweak
                0x0000000000005fec       0x2c modules/hal_nordic/nrfx/libmodules__hal_nordic__nrfx.a(nrfx_clock.c.obj)
 .text.nrfx_clock_enable
                0x0000000000006018       0x1e modules/hal_nordic/nrfx/libmodules__hal_nordic__nrfx.a(nrfx_clock.c.obj)
                0x0000000000006018                nrfx_clock_enable
 .text.nrfx_clock_start
                0x0000000000006036       0xa0 modules/hal_nordic/nrfx/libmodules__hal_nordic__nrfx.a(nrfx_clock.c.obj)
                0x0000000000006036                nrfx_clock_start
 .text.nrfx_clock_stop
                0x00000000000060d6        0x8 modules/hal_nordic/nrfx/libmodules__hal_nordic__nrfx.a(nrfx_clock.c.obj)
                0x00000000000060d6                nrfx_clock_stop
 .text.pin_is_task_output
                0x00000000000060de       0x1e modules/hal_nordic/nrfx/libmodules__hal_nordic__nrfx.a(nrfx_gpiote.c.obj)
 .text.pin_is_input
                0x00000000000060fc        0xe modules/hal_nordic/nrfx/libmodules__hal_nordic__nrfx.a(nrfx_gpiote.c.obj)
 .text.gpiote_polarity_to_trigger
                0x000000000000610a        0x2 modules/hal_nordic/nrfx/libmodules__hal_nordic__nrfx.a(nrfx_gpiote.c.obj)
 .text.gpiote_trigger_to_polarity
                0x000000000000610c        0x2 modules/hal_nordic/nrfx/libmodules__hal_nordic__nrfx.a(nrfx_gpiote.c.obj)
 .text.is_level
                0x000000000000610e        0xa modules/hal_nordic/nrfx/libmodules__hal_nordic__nrfx.a(nrfx_gpiote.c.obj)
 .text._GetAvailWriteSpace
                0x0000000000006118       0x18 modules/segger/libmodules__segger.a(SEGGER_RTT.c.obj)
 .text._WriteNoCheck
                0x0000000000006130       0x4c modules/segger/libmodules__segger.a(SEGGER_RTT.c.obj)
 .text._WriteBlocking
                0x000000000000617c       0x62 modules/segger/libmodules__segger.a(SEGGER_RTT.c.obj)
 .text.SEGGER_RTT_Init
                0x00000000000061de        0x8 modules/segger/libmodules__segger.a(SEGGER_RTT.c.obj)
                0x00000000000061de                SEGGER_RTT_Init
 .text.rtt_init
                0x00000000000061e6        0xa modules/segger/libmodules__segger.a(SEGGER_RTT_zephyr.c.obj)
 .text.z_device_is_ready
                0x00000000000061f0       0x1a zephyr/kernel/libkernel.a(device.c.obj)
                0x00000000000061f0                z_device_is_ready
 .text.arch_system_halt
                0x000000000000620a       0x12 zephyr/kernel/libkernel.a(fatal.c.obj)
                0x000000000000620a                arch_system_halt
 .text.k_sys_fatal_error_handler
                0x000000000000621c        0x6 zephyr/kernel/libkernel.a(fatal.c.obj)
                0x000000000000621c                k_sys_fatal_error_handler
 .text.z_fatal_error
                0x0000000000006222       0x34 zephyr/kernel/libkernel.a(fatal.c.obj)
                0x0000000000006222                z_fatal_error
 .text.z_early_memset
                0x0000000000006256        0x8 zephyr/kernel/libkernel.a(init.c.obj)
                0x0000000000006256                z_early_memset
 .text.z_early_memcpy
                0x000000000000625e        0x8 zephyr/kernel/libkernel.a(init.c.obj)
                0x000000000000625e                z_early_memcpy
 .text.setup_thread_stack
                0x0000000000006266       0x24 zephyr/kernel/libkernel.a(thread.c.obj)
 .text.k_is_in_isr
                0x000000000000628a        0xc zephyr/kernel/libkernel.a(thread.c.obj)
                0x000000000000628a                k_is_in_isr
 .text.z_impl_k_thread_start
                0x0000000000006296        0x8 zephyr/kernel/libkernel.a(thread.c.obj)
                0x0000000000006296                z_impl_k_thread_start
 .text.z_init_thread_base
                0x000000000000629e       0x16 zephyr/kernel/libkernel.a(thread.c.obj)
                0x000000000000629e                z_init_thread_base
 .text.z_pm_save_idle_exit
                0x00000000000062b4        0xc zephyr/kernel/libkernel.a(idle.c.obj)
                0x00000000000062b4                z_pm_save_idle_exit
 .text.thread_active_elsewhere
                0x00000000000062c0        0x4 zephyr/kernel/libkernel.a(sched.c.obj)
 .text.pended_on_thread
                0x00000000000062c4        0x4 zephyr/kernel/libkernel.a(sched.c.obj)
 .text.z_sched_prio_cmp
                0x00000000000062c8       0x14 zephyr/kernel/libkernel.a(sched.c.obj)
                0x00000000000062c8                z_sched_prio_cmp
 .text.z_reschedule_irqlock
                0x00000000000062dc       0x2a zephyr/kernel/libkernel.a(sched.c.obj)
                0x00000000000062dc                z_reschedule_irqlock
 .text.z_priq_dumb_remove
                0x0000000000006306       0x10 zephyr/kernel/libkernel.a(sched.c.obj)
                0x0000000000006306                z_priq_dumb_remove
 .text.z_priq_dumb_best
                0x0000000000006316        0xe zephyr/kernel/libkernel.a(sched.c.obj)
                0x0000000000006316                z_priq_dumb_best
 .text.z_ready_thread
                0x0000000000006324       0x38 zephyr/kernel/libkernel.a(sched.c.obj)
                0x0000000000006324                z_ready_thread
 .text.z_thread_timeout
                0x000000000000635c       0x70 zephyr/kernel/libkernel.a(sched.c.obj)
                0x000000000000635c                z_thread_timeout
 .text.add_to_waitq_locked
                0x00000000000063cc       0x54 zephyr/kernel/libkernel.a(sched.c.obj)
 .text.pend     0x0000000000006420       0x44 zephyr/kernel/libkernel.a(sched.c.obj)
 .text.z_unpend_first_thread
                0x0000000000006464       0x56 zephyr/kernel/libkernel.a(sched.c.obj)
                0x0000000000006464                z_unpend_first_thread
 .text.init_ready_q
                0x00000000000064ba        0x8 zephyr/kernel/libkernel.a(sched.c.obj)
                0x00000000000064ba                init_ready_q
 .text.remove_timeout
                0x00000000000064c2       0x2e zephyr/kernel/libkernel.a(timeout.c.obj)
 .text.z_abort_timeout
                0x00000000000064f0       0x3c zephyr/kernel/libkernel.a(timeout.c.obj)
                0x00000000000064f0                z_abort_timeout
 .text.z_get_next_timeout_expiry
                0x000000000000652c       0x2e zephyr/kernel/libkernel.a(timeout.c.obj)
                0x000000000000652c                z_get_next_timeout_expiry
 .text.z_set_timeout_expiry
                0x000000000000655a       0x56 zephyr/kernel/libkernel.a(timeout.c.obj)
                0x000000000000655a                z_set_timeout_expiry
 .text.sys_clock_tick_get_32
                0x00000000000065b0        0x8 zephyr/kernel/libkernel.a(timeout.c.obj)
                0x00000000000065b0                sys_clock_tick_get_32
 .text.z_impl_k_busy_wait
                0x00000000000065b8        0xc zephyr/kernel/libkernel.a(timeout.c.obj)
                0x00000000000065b8                z_impl_k_busy_wait
 .text.main     0x00000000000065c4        0x4 zephyr/kernel/libkernel.a(main_weak.c.obj)
                0x00000000000065c4                main
 *(SORT_BY_ALIGNMENT(.TEXT.*))
 .TEXT.z_arm_platform_init
                0x00000000000065c8        0x4 zephyr/libzephyr.a(soc_nrf_common.S.obj)
                0x00000000000065c8                z_arm_platform_init
 *(SORT_BY_ALIGNMENT(.gnu.linkonce.t.*))
 *(SORT_BY_ALIGNMENT(.glue_7t))
 .glue_7t       0x00000000000065cc        0x0 linker stubs
 *(SORT_BY_ALIGNMENT(.glue_7))
 .glue_7        0x00000000000065cc        0x0 linker stubs
 *(SORT_BY_ALIGNMENT(.vfp11_veneer))
 .vfp11_veneer  0x00000000000065cc        0x0 linker stubs
 *(SORT_BY_ALIGNMENT(.v4_bx))
 .v4_bx         0x00000000000065cc        0x0 linker stubs
                0x00000000000065cc                __text_region_end = .

.ARM.exidx      0x00000000000065cc        0x8
                0x00000000000065cc                __exidx_start = .
 *(SORT_BY_ALIGNMENT(.ARM.exidx*) SORT_BY_ALIGNMENT(gnu.linkonce.armexidx.*))
 .ARM.exidx     0x00000000000065cc        0x8 /home/anky/zephyr-sdk-0.14.1/arm-zephyr-eabi/bin/../lib/gcc/arm-zephyr-eabi/10.3.0/thumb/v7e-m/nofp/libgcc.a(_udivmoddi4.o)
                0x00000000000065d4                __exidx_end = .
                0x00000000000065d4                __rodata_region_start = .

initlevel       0x00000000000065d4       0x48
                0x00000000000065d4                __init_start = .
                0x00000000000065d4                __init_PRE_KERNEL_1_start = .
 *(SORT_BY_NAME(SORT_BY_ALIGNMENT(.z_init_PRE_KERNEL_1[0-9]_*)))
 .z_init_PRE_KERNEL_10_
                0x00000000000065d4        0x8 zephyr/soc/arm/nordic_nrf/nrf52/libsoc__arm__nordic_nrf__nrf52.a(soc.c.obj)
 *(SORT_BY_NAME(SORT_BY_ALIGNMENT(.z_init_PRE_KERNEL_1[1-9][0-9]_*)))
 .z_init_PRE_KERNEL_130_
                0x00000000000065dc        0x8 zephyr/drivers/clock_control/libdrivers__clock_control.a(clock_control_nrf.c.obj)
 .z_init_PRE_KERNEL_130_
                0x00000000000065e4        0x8 modules/segger/libmodules__segger.a(SEGGER_RTT_zephyr.c.obj)
 .z_init_PRE_KERNEL_140_
                0x00000000000065ec        0x8 zephyr/drivers/console/libdrivers__console.a(rtt_console.c.obj)
 .z_init_PRE_KERNEL_140_
                0x00000000000065f4       0x10 zephyr/drivers/gpio/libdrivers__gpio.a(gpio_nrfx.c.obj)
 .z_init_PRE_KERNEL_155_
                0x0000000000006604       0x10 zephyr/drivers/serial/libdrivers__serial.a(uart_nrfx_uarte.c.obj)
                0x0000000000006614                __init_PRE_KERNEL_2_start = .
 *(SORT_BY_NAME(SORT_BY_ALIGNMENT(.z_init_PRE_KERNEL_2[0-9]_*)))
 .z_init_PRE_KERNEL_20_
                0x0000000000006614        0x8 zephyr/drivers/timer/libdrivers__timer.a(nrf_rtc_timer.c.obj)
 *(SORT_BY_NAME(SORT_BY_ALIGNMENT(.z_init_PRE_KERNEL_2[1-9][0-9]_*)))
                0x000000000000661c                __init_POST_KERNEL_start = .
 *(SORT_BY_NAME(SORT_BY_ALIGNMENT(.z_init_POST_KERNEL[0-9]_*)))
 *(SORT_BY_NAME(SORT_BY_ALIGNMENT(.z_init_POST_KERNEL[1-9][0-9]_*)))
                0x000000000000661c                __init_APPLICATION_start = .
 *(SORT_BY_NAME(SORT_BY_ALIGNMENT(.z_init_APPLICATION[0-9]_*)))
 *(SORT_BY_NAME(SORT_BY_ALIGNMENT(.z_init_APPLICATION[1-9][0-9]_*)))
                0x000000000000661c                __init_SMP_start = .
 *(SORT_BY_NAME(SORT_BY_ALIGNMENT(.z_init_SMP[0-9]_*)))
 *(SORT_BY_NAME(SORT_BY_ALIGNMENT(.z_init_SMP[1-9][0-9]_*)))
                0x000000000000661c                __init_end = .

devices         0x000000000000661c       0x78
                0x000000000000661c                __device_start = .
                0x000000000000661c                __device_PRE_KERNEL_1_start = .
 *(SORT_BY_NAME(SORT_BY_ALIGNMENT(.z_device_PRE_KERNEL_1[0-9]_*)))
 *(SORT_BY_NAME(SORT_BY_ALIGNMENT(.z_device_PRE_KERNEL_1[1-9][0-9]_*)))
 .z_device_PRE_KERNEL_130_
                0x000000000000661c       0x18 zephyr/drivers/clock_control/libdrivers__clock_control.a(clock_control_nrf.c.obj)
                0x000000000000661c                __device_dts_ord_72
 .z_device_PRE_KERNEL_140_
                0x0000000000006634       0x30 zephyr/drivers/gpio/libdrivers__gpio.a(gpio_nrfx.c.obj)
                0x0000000000006634                __device_dts_ord_104
                0x000000000000664c                __device_dts_ord_11
 .z_device_PRE_KERNEL_155_
                0x0000000000006664       0x30 zephyr/drivers/serial/libdrivers__serial.a(uart_nrfx_uarte.c.obj)
                0x0000000000006664                __device_dts_ord_113
                0x000000000000667c                __device_dts_ord_112
                0x0000000000006694                __device_PRE_KERNEL_2_start = .
 *(SORT_BY_NAME(SORT_BY_ALIGNMENT(.z_device_PRE_KERNEL_2[0-9]_*)))
 *(SORT_BY_NAME(SORT_BY_ALIGNMENT(.z_device_PRE_KERNEL_2[1-9][0-9]_*)))
                0x0000000000006694                __device_POST_KERNEL_start = .
 *(SORT_BY_NAME(SORT_BY_ALIGNMENT(.z_device_POST_KERNEL[0-9]_*)))
 *(SORT_BY_NAME(SORT_BY_ALIGNMENT(.z_device_POST_KERNEL[1-9][0-9]_*)))
                0x0000000000006694                __device_APPLICATION_start = .
 *(SORT_BY_NAME(SORT_BY_ALIGNMENT(.z_device_APPLICATION[0-9]_*)))
 *(SORT_BY_NAME(SORT_BY_ALIGNMENT(.z_device_APPLICATION[1-9][0-9]_*)))
                0x0000000000006694                __device_SMP_start = .
 *(SORT_BY_NAME(SORT_BY_ALIGNMENT(.z_device_SMP[0-9]_*)))
 *(SORT_BY_NAME(SORT_BY_ALIGNMENT(.z_device_SMP[1-9][0-9]_*)))
                0x0000000000006694                __device_end = .

sw_isr_table    0x0000000000006694      0x180
                0x0000000000006694                . = ALIGN (0x0)
 *(SORT_BY_ALIGNMENT(.gnu.linkonce.sw_isr_table*))
 .gnu.linkonce.sw_isr_table
                0x0000000000006694      0x180 zephyr/arch/common/libisr_tables.a(isr_tables.c.obj)
                0x0000000000006694                _sw_isr_table

initlevel_error
                0x00000000000065d4        0x0
 *(SORT_BY_NAME(SORT_BY_ALIGNMENT(.z_init_[_A-Z0-9]*)))
                0x0000000000000001                ASSERT ((SIZEOF (initlevel_error) == 0x0), Undefined initialization levels used.)

app_shmem_regions
                0x0000000000006814        0x0
                0x0000000000006814                __app_shmem_regions_start = .
 *(SORT_BY_NAME(SORT_BY_ALIGNMENT(.app_regions.*)))
                0x0000000000006814                __app_shmem_regions_end = .

k_p4wq_initparam_area
                0x0000000000006814        0x0
                0x0000000000006814                _k_p4wq_initparam_list_start = .
 *(SORT_BY_NAME(SORT_BY_ALIGNMENT(._k_p4wq_initparam.static.*)))
                0x0000000000006814                _k_p4wq_initparam_list_end = .

device_handles  0x0000000000006814       0x48
                0x0000000000006814                __device_handles_start = .
 *(SORT_BY_NAME(SORT_BY_ALIGNMENT(.__device_handles_pass1*)))
 .__device_handles_pass1
                0x0000000000006814        0xa zephyr/drivers/clock_control/libdrivers__clock_control.a(clock_control_nrf.c.obj)
                0x0000000000006814                __devicehdl_DT_N_S_soc_S_clock_40000000
 .__device_handles_pass1
                0x000000000000681e       0x22 zephyr/drivers/gpio/libdrivers__gpio.a(gpio_nrfx.c.obj)
                0x000000000000681e                __devicehdl_DT_N_S_soc_S_gpio_50000300
                0x0000000000006828                __devicehdl_DT_N_S_soc_S_gpio_50000000
 .__device_handles_pass1
                0x0000000000006840       0x1c zephyr/drivers/serial/libdrivers__serial.a(uart_nrfx_uarte.c.obj)
                0x0000000000006840                __devicehdl_DT_N_S_soc_S_uart_40028000
                0x000000000000684e                __devicehdl_DT_N_S_soc_S_uart_40002000
                0x000000000000685c                __device_handles_end = .

bt_l2cap_fixed_chan_area
                0x000000000000685c        0x0
                0x000000000000685c                _bt_l2cap_fixed_chan_list_start = .
 *(SORT_BY_NAME(SORT_BY_ALIGNMENT(._bt_l2cap_fixed_chan.static.*)))
                0x000000000000685c                _bt_l2cap_fixed_chan_list_end = .

bt_gatt_service_static_area
                0x000000000000685c        0x0
                0x000000000000685c                _bt_gatt_service_static_list_start = .
 *(SORT_BY_NAME(SORT_BY_ALIGNMENT(._bt_gatt_service_static.static.*)))
                0x000000000000685c                _bt_gatt_service_static_list_end = .

log_strings_sections
                0x000000000000685c        0x0
                0x000000000000685c                __log_strings_start = .
 *(SORT_BY_NAME(SORT_BY_ALIGNMENT(.log_strings*)))
                0x000000000000685c                __log_strings_end = .

log_const_sections
                0x000000000000685c        0x0
                0x000000000000685c                __log_const_start = .
 *(SORT_BY_NAME(SORT_BY_ALIGNMENT(.log_const_*)))
                0x000000000000685c                __log_const_end = .

log_backends_sections
                0x000000000000685c        0x0
                0x000000000000685c                __log_backends_start = .
 *(SORT_BY_ALIGNMENT(._log_backend.*))
                0x000000000000685c                __log_backends_end = .

tracing_backend_area
                0x000000000000685c        0x0
                0x000000000000685c                _tracing_backend_list_start = .
 *(SORT_BY_NAME(SORT_BY_ALIGNMENT(._tracing_backend.static.*)))
                0x000000000000685c                _tracing_backend_list_end = .

zephyr_dbg_info
                0x000000000000685c       0x3c
 *(SORT_BY_ALIGNMENT(.dbg_thread_info))
 .dbg_thread_info
                0x000000000000685c       0x3c zephyr/libzephyr.a(thread_info.c.obj)
                0x000000000000685c                _kernel_openocd_size_t_size
                0x000000000000685c                _kernel_thread_info_size_t_size
                0x0000000000006860                _kernel_thread_info_num_offsets
                0x0000000000006860                _kernel_openocd_num_offsets
                0x0000000000006864                _kernel_thread_info_offsets
                0x0000000000006864                _kernel_openocd_offsets

shell_area      0x0000000000006898        0x0
                0x0000000000006898                _shell_list_start = .
 *(SORT_BY_NAME(SORT_BY_ALIGNMENT(._shell.static.*)))
                0x0000000000006898                _shell_list_end = .

shell_root_cmds_sections
                0x0000000000006898        0x0
                0x0000000000006898                __shell_root_cmds_start = .
 *(SORT_BY_NAME(SORT_BY_ALIGNMENT(.shell_root_cmd_*)))
                0x0000000000006898                __shell_root_cmds_end = .

shell_subcmds_sections
                0x0000000000006898        0x0
                0x0000000000006898                __shell_subcmds_start = .
 *(SORT_BY_NAME(SORT_BY_ALIGNMENT(.shell_subcmd_*)))
                0x0000000000006898                __shell_subcmds_end = .

shell_dynamic_subcmds_sections
                0x0000000000006898        0x0
                0x0000000000006898                __shell_dynamic_subcmds_start = .
 *(SORT_BY_NAME(SORT_BY_ALIGNMENT(.shell_dynamic_subcmd_*)))
                0x0000000000006898                __shell_dynamic_subcmds_end = .

font_entry_sections
                0x0000000000006898        0x0
                0x0000000000006898                __font_entry_start = .
 *(SORT_BY_NAME(SORT_BY_ALIGNMENT(._cfb_font.*)))
                0x0000000000006898                __font_entry_end = .

rodata          0x00000000000068a0      0x238
 *(SORT_BY_ALIGNMENT(.rodata))
 .rodata        0x00000000000068a0        0x8 modules/hal_nordic/nrfx/libmodules__hal_nordic__nrfx.a(nrfx_gpiote.c.obj)
 *(SORT_BY_ALIGNMENT(.rodata.*))
 *fill*         0x00000000000068a8        0x8 
 .rodata.delay_machine_code.0
                0x00000000000068b0        0x6 zephyr/soc/arm/nordic_nrf/nrf52/libsoc__arm__nordic_nrf__nrf52.a(soc.c.obj)
 *fill*         0x00000000000068b6        0x2 
 .rodata.IR_Right.str1.4
                0x00000000000068b8        0x7 app/libapp.a(main.c.obj)
 *fill*         0x00000000000068bf        0x1 
 .rodata.Distance_Task.str1.4
                0x00000000000068c0        0x4 app/libapp.a(main.c.obj)
 .rodata.Motor_Task.str1.4
                0x00000000000068c4        0x5 app/libapp.a(main.c.obj)
 *fill*         0x00000000000068c9        0x3 
 .rodata.str1.4
                0x00000000000068cc       0x2d app/libapp.a(main.c.obj)
 *fill*         0x00000000000068f9        0x3 
 .rodata.cbvprintf.str1.4
                0x00000000000068fc        0x6 zephyr/libzephyr.a(cbprintf_complete.c.obj)
 *fill*         0x0000000000006902        0x2 
 .rodata.pmstates_DT_N_S_cpus_S_cpu_0
                0x0000000000006904        0x0 zephyr/libzephyr.a(state.c.obj)
 .rodata.static_regions
                0x0000000000006904        0xc zephyr/arch/arch/arm/core/aarch32/mpu/libarch__arm__core__aarch32__mpu.a(arm_core_mpu.c.obj)
 .rodata.str1.4
                0x0000000000006910        0xf zephyr/soc/arm/common/cortex_m/libsoc__arm__common__cortex_m.a(arm_mpu_regions.c.obj)
 *fill*         0x000000000000691f        0x1 
 .rodata.mpu_config
                0x0000000000006920        0x8 zephyr/soc/arm/common/cortex_m/libsoc__arm__common__cortex_m.a(arm_mpu_regions.c.obj)
                0x0000000000006920                mpu_config
 .rodata.mpu_regions
                0x0000000000006928       0x18 zephyr/soc/arm/common/cortex_m/libsoc__arm__common__cortex_m.a(arm_mpu_regions.c.obj)
 .rodata.str1.4
                0x0000000000006940        0x6 zephyr/drivers/clock_control/libdrivers__clock_control.a(clock_control_nrf.c.obj)
 *fill*         0x0000000000006946        0x2 
 .rodata.clock_control_api
                0x0000000000006948       0x18 zephyr/drivers/clock_control/libdrivers__clock_control.a(clock_control_nrf.c.obj)
 .rodata.config
                0x0000000000006960       0x10 zephyr/drivers/clock_control/libdrivers__clock_control.a(clock_control_nrf.c.obj)
 .rodata.transitions.0
                0x0000000000006970        0xc zephyr/drivers/clock_control/libdrivers__clock_control.a(clock_control_nrf.c.obj)
 .rodata.str1.4
                0x000000000000697c        0x7 zephyr/drivers/gpio/libdrivers__gpio.a(gpio_nrfx.c.obj)
                                          0xf (size before relaxing)
 *fill*         0x0000000000006983        0x1 
 .rodata.gpio_nrfx_drv_api_funcs
                0x0000000000006984       0x24 zephyr/drivers/gpio/libdrivers__gpio.a(gpio_nrfx.c.obj)
 .rodata.gpio_nrfx_p0_cfg
                0x00000000000069a8       0x10 zephyr/drivers/gpio/libdrivers__gpio.a(gpio_nrfx.c.obj)
 .rodata.gpio_nrfx_p1_cfg
                0x00000000000069b8       0x10 zephyr/drivers/gpio/libdrivers__gpio.a(gpio_nrfx.c.obj)
 .rodata.str1.4
                0x00000000000069c8        0xf zephyr/drivers/serial/libdrivers__serial.a(uart_nrfx_uarte.c.obj)
 *fill*         0x00000000000069d7        0x1 
 .rodata.__pinctrl_dev_config__device_dts_ord_112
                0x00000000000069d8        0xc zephyr/drivers/serial/libdrivers__serial.a(uart_nrfx_uarte.c.obj)
 .rodata.__pinctrl_dev_config__device_dts_ord_113
                0x00000000000069e4        0xc zephyr/drivers/serial/libdrivers__serial.a(uart_nrfx_uarte.c.obj)
 .rodata.__pinctrl_state_pins_0__device_dts_ord_112
                0x00000000000069f0       0x10 zephyr/drivers/serial/libdrivers__serial.a(uart_nrfx_uarte.c.obj)
 .rodata.__pinctrl_state_pins_0__device_dts_ord_113
                0x0000000000006a00        0x8 zephyr/drivers/serial/libdrivers__serial.a(uart_nrfx_uarte.c.obj)
 .rodata.__pinctrl_states__device_dts_ord_112
                0x0000000000006a08        0x8 zephyr/drivers/serial/libdrivers__serial.a(uart_nrfx_uarte.c.obj)
 .rodata.__pinctrl_states__device_dts_ord_113
                0x0000000000006a10        0x8 zephyr/drivers/serial/libdrivers__serial.a(uart_nrfx_uarte.c.obj)
 .rodata.uart_nrfx_uarte_driver_api
                0x0000000000006a18       0x14 zephyr/drivers/serial/libdrivers__serial.a(uart_nrfx_uarte.c.obj)
 .rodata.uarte_0z_config
                0x0000000000006a2c       0x10 zephyr/drivers/serial/libdrivers__serial.a(uart_nrfx_uarte.c.obj)
 .rodata.uarte_1z_config
                0x0000000000006a3c       0x10 zephyr/drivers/serial/libdrivers__serial.a(uart_nrfx_uarte.c.obj)
 .rodata._DoInit.str1.4
                0x0000000000006a4c       0x17 modules/segger/libmodules__segger.a(SEGGER_RTT.c.obj)
 *fill*         0x0000000000006a63        0x1 
 .rodata.levels.0
                0x0000000000006a64       0x14 zephyr/kernel/libkernel.a(device.c.obj)
 .rodata._k_neg_eagain
                0x0000000000006a78        0x4 zephyr/kernel/libkernel.a(errno.c.obj)
                0x0000000000006a78                _k_neg_eagain
 .rodata.init_idle_thread.str1.4
                0x0000000000006a7c        0x5 zephyr/kernel/libkernel.a(init.c.obj)
 *fill*         0x0000000000006a81        0x3 
 .rodata.prepare_multithreading.str1.4
                0x0000000000006a84        0x5 zephyr/kernel/libkernel.a(init.c.obj)
 *fill*         0x0000000000006a89        0x3 
 .rodata.boot_banner.str1.4
                0x0000000000006a8c       0x4b zephyr/kernel/libkernel.a(banner.c.obj)
                                         0x4f (size before relaxing)
 *(SORT_BY_ALIGNMENT(.gnu.linkonce.r.*))
                0x0000000000006ad8                . = ALIGN (0x4)
 *fill*         0x0000000000006ad7        0x1 
                0x0000000000006ad8                __rodata_region_end = .
                0x0000000000006ae0                . = ALIGN (_region_min_align)
                0x0000000000008000                . = ALIGN ((0x1 << ((__rodata_region_end - __rom_region_start) <= 0x4)?0x2:((__rodata_region_end - __rom_region_start) <= 0x8)?0x3:((__rodata_region_end - __rom_region_start) <= 0x10)?0x4:((__rodata_region_end - __rom_region_start) <= 0x20)?0x5:((__rodata_region_end - __rom_region_start) <= 0x40)?0x6:((__rodata_region_end - __rom_region_start) <= 0x80)?0x7:((__rodata_region_end - __rom_region_start) <= 0x100)?0x8:((__rodata_region_end - __rom_region_start) <= 0x200)?0x9:((__rodata_region_end - __rom_region_start) <= 0x400)?0xa:((__rodata_region_end - __rom_region_start) <= 0x800)?0xb:((__rodata_region_end - __rom_region_start) <= 0x1000)?0xc:((__rodata_region_end - __rom_region_start) <= 0x2000)?0xd:((__rodata_region_end - __rom_region_start) <= 0x4000)?0xe:((__rodata_region_end - __rom_region_start) <= 0x8000)?0xf:((__rodata_region_end - __rom_region_start) <= 0x10000)?0x10:((__rodata_region_end - __rom_region_start) <= 0x20000)?0x11:((__rodata_region_end - __rom_region_start) <= 0x40000)?0x12:((__rodata_region_end - __rom_region_start) <= 0x80000)?0x13:((__rodata_region_end - __rom_region_start) <= 0x100000)?0x14:((__rodata_region_end - __rom_region_start) <= 0x200000)?0x15:((__rodata_region_end - __rom_region_start) <= 0x400000)?0x16:((__rodata_region_end - __rom_region_start) <= 0x800000)?0x17:((__rodata_region_end - __rom_region_start) <= 0x1000000)?0x18:((__rodata_region_end - __rom_region_start) <= 0x2000000)?0x19:((__rodata_region_end - __rom_region_start) <= 0x4000000)?0x1a:((__rodata_region_end - __rom_region_start) <= 0x8000000)?0x1b:((__rodata_region_end - __rom_region_start) <= 0x10000000)?0x1c:((__rodata_region_end - __rom_region_start) <= 0x20000000)?0x1d:((__rodata_region_end - __rom_region_start) <= 0x40000000)?0x1e:((__rodata_region_end - __rom_region_start) <= 0x80000000)?0x1f:0x20))
                0x0000000000008000                __rom_region_end = .
                0x0000000020000000                . = 0x20000000
                0x0000000020000000                . = ALIGN (_region_min_align)
                0x0000000020000000                _image_ram_start = .

.ramfunc        0x0000000020000000        0x0 load address 0x0000000000006ad8
                0x0000000020000000                . = ALIGN (_region_min_align)
                0x0000000020000000                . = ALIGN ((0x1 << (__ramfunc_size <= 0x4)?0x2:(__ramfunc_size <= 0x8)?0x3:(__ramfunc_size <= 0x10)?0x4:(__ramfunc_size <= 0x20)?0x5:(__ramfunc_size <= 0x40)?0x6:(__ramfunc_size <= 0x80)?0x7:(__ramfunc_size <= 0x100)?0x8:(__ramfunc_size <= 0x200)?0x9:(__ramfunc_size <= 0x400)?0xa:(__ramfunc_size <= 0x800)?0xb:(__ramfunc_size <= 0x1000)?0xc:(__ramfunc_size <= 0x2000)?0xd:(__ramfunc_size <= 0x4000)?0xe:(__ramfunc_size <= 0x8000)?0xf:(__ramfunc_size <= 0x10000)?0x10:(__ramfunc_size <= 0x20000)?0x11:(__ramfunc_size <= 0x40000)?0x12:(__ramfunc_size <= 0x80000)?0x13:(__ramfunc_size <= 0x100000)?0x14:(__ramfunc_size <= 0x200000)?0x15:(__ramfunc_size <= 0x400000)?0x16:(__ramfunc_size <= 0x800000)?0x17:(__ramfunc_size <= 0x1000000)?0x18:(__ramfunc_size <= 0x2000000)?0x19:(__ramfunc_size <= 0x4000000)?0x1a:(__ramfunc_size <= 0x8000000)?0x1b:(__ramfunc_size <= 0x10000000)?0x1c:(__ramfunc_size <= 0x20000000)?0x1d:(__ramfunc_size <= 0x40000000)?0x1e:(__ramfunc_size <= 0x80000000)?0x1f:0x20))
                0x0000000020000000                __ramfunc_start = .
 *(SORT_BY_ALIGNMENT(.ramfunc))
 *(SORT_BY_ALIGNMENT(.ramfunc.*))
                0x0000000020000000                . = ALIGN (_region_min_align)
                0x0000000020000000                . = ALIGN ((0x1 << (__ramfunc_size <= 0x4)?0x2:(__ramfunc_size <= 0x8)?0x3:(__ramfunc_size <= 0x10)?0x4:(__ramfunc_size <= 0x20)?0x5:(__ramfunc_size <= 0x40)?0x6:(__ramfunc_size <= 0x80)?0x7:(__ramfunc_size <= 0x100)?0x8:(__ramfunc_size <= 0x200)?0x9:(__ramfunc_size <= 0x400)?0xa:(__ramfunc_size <= 0x800)?0xb:(__ramfunc_size <= 0x1000)?0xc:(__ramfunc_size <= 0x2000)?0xd:(__ramfunc_size <= 0x4000)?0xe:(__ramfunc_size <= 0x8000)?0xf:(__ramfunc_size <= 0x10000)?0x10:(__ramfunc_size <= 0x20000)?0x11:(__ramfunc_size <= 0x40000)?0x12:(__ramfunc_size <= 0x80000)?0x13:(__ramfunc_size <= 0x100000)?0x14:(__ramfunc_size <= 0x200000)?0x15:(__ramfunc_size <= 0x400000)?0x16:(__ramfunc_size <= 0x800000)?0x17:(__ramfunc_size <= 0x1000000)?0x18:(__ramfunc_size <= 0x2000000)?0x19:(__ramfunc_size <= 0x4000000)?0x1a:(__ramfunc_size <= 0x8000000)?0x1b:(__ramfunc_size <= 0x10000000)?0x1c:(__ramfunc_size <= 0x20000000)?0x1d:(__ramfunc_size <= 0x40000000)?0x1e:(__ramfunc_size <= 0x80000000)?0x1f:0x20))
                0x0000000020000000                __ramfunc_end = .
                0x0000000000000000                __ramfunc_size = (__ramfunc_end - __ramfunc_start)
                0x0000000000006ad8                __ramfunc_load_start = LOADADDR (.ramfunc)

datas           0x0000000020000000       0xc0 load address 0x0000000000006ad8
                0x0000000020000000                __data_region_start = .
                0x0000000020000000                __data_start = .
 *(SORT_BY_ALIGNMENT(.data))
 *(SORT_BY_ALIGNMENT(.data.*))
 .data._char_out
                0x0000000020000000        0x4 zephyr/libzephyr.a(printk.c.obj)
                0x0000000020000000                _char_out
 .data.max_latency_ticks
                0x0000000020000004        0x4 zephyr/libzephyr.a(policy.c.obj)
 .data._stdout_hook
                0x0000000020000008        0x4 zephyr/lib/libc/minimal/liblib__libc__minimal.a(stdout_console.c.obj)
 .data.uarte_0_data
                0x000000002000000c       0x14 zephyr/drivers/serial/libdrivers__serial.a(uart_nrfx_uarte.c.obj)
 .data.uarte_1_data
                0x0000000020000020       0x14 zephyr/drivers/serial/libdrivers__serial.a(uart_nrfx_uarte.c.obj)
 .data.SystemCoreClock
                0x0000000020000034        0x4 modules/hal_nordic/nrfx/libmodules__hal_nordic__nrfx.a(system_nrf52840.c.obj)
                0x0000000020000034                SystemCoreClock
 .data.m_cb     0x0000000020000038       0x7c modules/hal_nordic/nrfx/libmodules__hal_nordic__nrfx.a(nrfx_gpiote.c.obj)
 .data.m_channels_allocated
                0x00000000200000b4        0x4 modules/hal_nordic/nrfx/libmodules__hal_nordic__nrfx.a(nrfx_ppi.c.obj)
 .data.timeout_list
                0x00000000200000b8        0x8 zephyr/kernel/libkernel.a(timeout.c.obj)
 *(SORT_BY_ALIGNMENT(.kernel.*))
                0x00000000200000c0                __data_end = .
                0x00000000000000c0                __data_size = (__data_end - __data_start)
                0x0000000000006ad8                __data_load_start = LOADADDR (datas)
                0x0000000000006ad8                __data_region_load_start = LOADADDR (datas)

device_states   0x00000000200000c0       0x14 load address 0x0000000000006b98
                0x00000000200000c0                __device_states_start = .
 *(SORT_BY_ALIGNMENT(.z_devstate))
 .z_devstate    0x00000000200000c0        0x4 zephyr/drivers/clock_control/libdrivers__clock_control.a(clock_control_nrf.c.obj)
 .z_devstate    0x00000000200000c4        0x8 zephyr/drivers/gpio/libdrivers__gpio.a(gpio_nrfx.c.obj)
 .z_devstate    0x00000000200000cc        0x8 zephyr/drivers/serial/libdrivers__serial.a(uart_nrfx_uarte.c.obj)
 *(SORT_BY_ALIGNMENT(.z_devstate.*))
                0x00000000200000d4                __device_states_end = .

initshell       0x00000000200000d4        0x0 load address 0x0000000000006bac
                0x00000000200000d4                __shell_module_start = .
 *(SORT_BY_ALIGNMENT(.shell_module_*))
                0x00000000200000d4                __shell_module_end = .
                0x00000000200000d4                __shell_cmd_start = .
 *(SORT_BY_ALIGNMENT(.shell_cmd_*))
                0x00000000200000d4                __shell_cmd_end = .

log_dynamic_sections
                0x00000000200000d4        0x0 load address 0x0000000000006bac
                0x00000000200000d4                __log_dynamic_start = .
 *(SORT_BY_NAME(SORT_BY_ALIGNMENT(.log_dynamic_*)))
                0x00000000200000d4                __log_dynamic_end = .

_static_thread_data_area
                0x00000000200000d4       0xc0 load address 0x0000000000006bac
                0x00000000200000d4                __static_thread_data_list_start = .
 *(SORT_BY_NAME(SORT_BY_ALIGNMENT(.__static_thread_data.static.*)))
 .__static_thread_data.static._k_thread_data_DISTANCE_ID
                0x00000000200000d4       0x30 app/libapp.a(main.c.obj)
                0x00000000200000d4                _k_thread_data_DISTANCE_ID
 .__static_thread_data.static._k_thread_data_IR_LEFT_ID
                0x0000000020000104       0x30 app/libapp.a(main.c.obj)
                0x0000000020000104                _k_thread_data_IR_LEFT_ID
 .__static_thread_data.static._k_thread_data_IR_RIGHT_ID
                0x0000000020000134       0x30 app/libapp.a(main.c.obj)
                0x0000000020000134                _k_thread_data_IR_RIGHT_ID
 .__static_thread_data.static._k_thread_data_Motor_ID
                0x0000000020000164       0x30 app/libapp.a(main.c.obj)
                0x0000000020000164                _k_thread_data_Motor_ID
                0x0000000020000194                __static_thread_data_list_end = .

k_timer_area    0x0000000020000194        0x0 load address 0x0000000000006c6c
                0x0000000020000194                _k_timer_list_start = .
 *(SORT_BY_NAME(SORT_BY_ALIGNMENT(._k_timer.static.*)))
                0x0000000020000194                _k_timer_list_end = .

k_mem_slab_area
                0x0000000020000194        0x0 load address 0x0000000000006c6c
                0x0000000020000194                _k_mem_slab_list_start = .
 *(SORT_BY_NAME(SORT_BY_ALIGNMENT(._k_mem_slab.static.*)))
                0x0000000020000194                _k_mem_slab_list_end = .

k_mem_pool_area
                0x0000000020000194        0x0 load address 0x0000000000006c6c
                0x0000000020000194                _k_mem_pool_list_start = .
 *(SORT_BY_NAME(SORT_BY_ALIGNMENT(._k_mem_pool.static.*)))
                0x0000000020000194                _k_mem_pool_list_end = .

k_heap_area     0x0000000020000194        0x0 load address 0x0000000000006c6c
                0x0000000020000194                _k_heap_list_start = .
 *(SORT_BY_NAME(SORT_BY_ALIGNMENT(._k_heap.static.*)))
                0x0000000020000194                _k_heap_list_end = .

k_mutex_area    0x0000000020000194        0x0 load address 0x0000000000006c6c
                0x0000000020000194                _k_mutex_list_start = .
 *(SORT_BY_NAME(SORT_BY_ALIGNMENT(._k_mutex.static.*)))
                0x0000000020000194                _k_mutex_list_end = .

k_stack_area    0x0000000020000194        0x0 load address 0x0000000000006c6c
                0x0000000020000194                _k_stack_list_start = .
 *(SORT_BY_NAME(SORT_BY_ALIGNMENT(._k_stack.static.*)))
                0x0000000020000194                _k_stack_list_end = .

k_msgq_area     0x0000000020000194        0x0 load address 0x0000000000006c6c
                0x0000000020000194                _k_msgq_list_start = .
 *(SORT_BY_NAME(SORT_BY_ALIGNMENT(._k_msgq.static.*)))
                0x0000000020000194                _k_msgq_list_end = .

k_mbox_area     0x0000000020000194        0x0 load address 0x0000000000006c6c
                0x0000000020000194                _k_mbox_list_start = .
 *(SORT_BY_NAME(SORT_BY_ALIGNMENT(._k_mbox.static.*)))
                0x0000000020000194                _k_mbox_list_end = .

k_pipe_area     0x0000000020000194        0x0 load address 0x0000000000006c6c
                0x0000000020000194                _k_pipe_list_start = .
 *(SORT_BY_NAME(SORT_BY_ALIGNMENT(._k_pipe.static.*)))
                0x0000000020000194                _k_pipe_list_end = .

k_sem_area      0x0000000020000194        0x0 load address 0x0000000000006c6c
                0x0000000020000194                _k_sem_list_start = .
 *(SORT_BY_NAME(SORT_BY_ALIGNMENT(._k_sem.static.*)))
                0x0000000020000194                _k_sem_list_end = .

k_event_area    0x0000000020000194        0x0 load address 0x0000000000006c6c
                0x0000000020000194                _k_event_list_start = .
 *(SORT_BY_NAME(SORT_BY_ALIGNMENT(._k_event.static.*)))
                0x0000000020000194                _k_event_list_end = .

k_queue_area    0x0000000020000194        0x0 load address 0x0000000000006c6c
                0x0000000020000194                _k_queue_list_start = .
 *(SORT_BY_NAME(SORT_BY_ALIGNMENT(._k_queue.static.*)))
                0x0000000020000194                _k_queue_list_end = .

k_condvar_area  0x0000000020000194        0x0 load address 0x0000000000006c6c
                0x0000000020000194                _k_condvar_list_start = .
 *(SORT_BY_NAME(SORT_BY_ALIGNMENT(._k_condvar.static.*)))
                0x0000000020000194                _k_condvar_list_end = .

_net_buf_pool_area
                0x0000000020000194        0x0 load address 0x0000000000006c6c
                0x0000000020000194                _net_buf_pool_list = .
 *(SORT_BY_NAME(SORT_BY_ALIGNMENT(._net_buf_pool.static.*)))
                0x0000000020000194                __data_region_end = .

bss             0x0000000020000198      0xa07
                0x0000000020000198                . = ALIGN (0x4)
                0x0000000020000198                __bss_start = .
                0x0000000020000198                __kernel_ram_start = .
 *(SORT_BY_ALIGNMENT(.bss))
 *(SORT_BY_ALIGNMENT(.bss.*))
 .bss._k_thread_obj_DISTANCE_ID
                0x0000000020000198       0xb0 app/libapp.a(main.c.obj)
                0x0000000020000198                _k_thread_obj_DISTANCE_ID
 .bss._k_thread_obj_IR_LEFT_ID
                0x0000000020000248       0xb0 app/libapp.a(main.c.obj)
                0x0000000020000248                _k_thread_obj_IR_LEFT_ID
 .bss._k_thread_obj_IR_RIGHT_ID
                0x00000000200002f8       0xb0 app/libapp.a(main.c.obj)
                0x00000000200002f8                _k_thread_obj_IR_RIGHT_ID
 .bss._k_thread_obj_Motor_ID
                0x00000000200003a8       0xb0 app/libapp.a(main.c.obj)
                0x00000000200003a8                _k_thread_obj_Motor_ID
 .bss.anchor    0x0000000020000458        0x8 zephyr/drivers/timer/libdrivers__timer.a(nrf_rtc_timer.c.obj)
 .bss.cc_data   0x0000000020000460       0x10 zephyr/drivers/timer/libdrivers__timer.a(nrf_rtc_timer.c.obj)
 .bss.last_count
                0x0000000020000470        0x8 zephyr/drivers/timer/libdrivers__timer.a(nrf_rtc_timer.c.obj)
 .bss.z_idle_threads
                0x0000000020000478       0xb0 zephyr/kernel/libkernel.a(init.c.obj)
                0x0000000020000478                z_idle_threads
 .bss.z_main_thread
                0x0000000020000528       0xb0 zephyr/kernel/libkernel.a(init.c.obj)
                0x0000000020000528                z_main_thread
 .bss.curr_tick
                0x00000000200005d8        0x8 zephyr/kernel/libkernel.a(timeout.c.obj)
 .bss.cm        0x00000000200005e0        0x4 app/libapp.a(main.c.obj)
 .bss.status_Left
                0x00000000200005e4        0x4 app/libapp.a(main.c.obj)
 .bss.status_Right
                0x00000000200005e8        0x4 app/libapp.a(main.c.obj)
 .bss.pm_notifiers
                0x00000000200005ec        0x8 zephyr/libzephyr.a(pm.c.obj)
 .bss.z_cpus_pm_state
                0x00000000200005f4        0xc zephyr/libzephyr.a(pm.c.obj)
 .bss.z_cpus_pm_state_forced
                0x0000000020000600        0x4 zephyr/libzephyr.a(pm.c.obj)
 .bss.z_post_ops_required
                0x0000000020000604        0x4 zephyr/libzephyr.a(pm.c.obj)
 .bss.dynamic_regions.0
                0x0000000020000608        0xc zephyr/arch/arch/arm/core/aarch32/mpu/libarch__arm__core__aarch32__mpu.a(arm_core_mpu.c.obj)
 .bss.cli.1     0x0000000020000614       0x10 zephyr/drivers/clock_control/libdrivers__clock_control.a(clock_control_nrf.c.obj)
 .bss.data      0x0000000020000624       0x50 zephyr/drivers/clock_control/libdrivers__clock_control.a(clock_control_nrf.c.obj)
 .bss.hfclk_users
                0x0000000020000674        0x4 zephyr/drivers/clock_control/libdrivers__clock_control.a(clock_control_nrf.c.obj)
 .bss.on.2      0x0000000020000678        0x4 zephyr/drivers/clock_control/libdrivers__clock_control.a(clock_control_nrf.c.obj)
 .bss.gpio_nrfx_p0_data
                0x000000002000067c        0xc zephyr/drivers/gpio/libdrivers__gpio.a(gpio_nrfx.c.obj)
 .bss.gpio_nrfx_p1_data
                0x0000000020000688        0xc zephyr/drivers/gpio/libdrivers__gpio.a(gpio_nrfx.c.obj)
 .bss.force_isr_mask
                0x0000000020000694        0x4 zephyr/drivers/timer/libdrivers__timer.a(nrf_rtc_timer.c.obj)
 .bss.int_mask  0x0000000020000698        0x4 zephyr/drivers/timer/libdrivers__timer.a(nrf_rtc_timer.c.obj)
 .bss.overflow_cnt
                0x000000002000069c        0x4 zephyr/drivers/timer/libdrivers__timer.a(nrf_rtc_timer.c.obj)
 .bss.m_clock_cb
                0x00000000200006a0        0x8 modules/hal_nordic/nrfx/libmodules__hal_nordic__nrfx.a(nrfx_clock.c.obj)
 .bss._SEGGER_RTT
                0x00000000200006a8       0xa8 modules/segger/libmodules__segger.a(SEGGER_RTT.c.obj)
                0x00000000200006a8                _SEGGER_RTT
 .bss._acDownBuffer
                0x0000000020000750       0x10 modules/segger/libmodules__segger.a(SEGGER_RTT.c.obj)
 .bss._acUpBuffer
                0x0000000020000760      0x400 modules/segger/libmodules__segger.a(SEGGER_RTT.c.obj)
 .bss._kernel   0x0000000020000b60       0x2c zephyr/kernel/libkernel.a(init.c.obj)
                0x0000000020000b60                _kernel
 .bss.lock      0x0000000020000b8c        0x0 zephyr/kernel/libkernel.a(sem.c.obj)
 .bss.pending_current
                0x0000000020000b8c        0x4 zephyr/kernel/libkernel.a(sched.c.obj)
 .bss.sched_spinlock
                0x0000000020000b90        0x0 zephyr/kernel/libkernel.a(sched.c.obj)
                0x0000000020000b90                sched_spinlock
 .bss.slice_max_prio
                0x0000000020000b90        0x4 zephyr/kernel/libkernel.a(sched.c.obj)
 .bss.slice_ticks
                0x0000000020000b94        0x4 zephyr/kernel/libkernel.a(sched.c.obj)
 .bss.announce_remaining
                0x0000000020000b98        0x4 zephyr/kernel/libkernel.a(timeout.c.obj)
 .bss.static_regions_num
                0x0000000020000b9c        0x1 zephyr/arch/arch/arm/core/aarch32/mpu/libarch__arm__core__aarch32__mpu.a(arm_mpu.c.obj)
 .bss.host_present
                0x0000000020000b9d        0x1 zephyr/drivers/console/libdrivers__console.a(rtt_console.c.obj)
 .bss.z_sys_post_kernel
                0x0000000020000b9e        0x1 zephyr/kernel/libkernel.a(init.c.obj)
                0x0000000020000b9e                z_sys_post_kernel